###############################################################################
#
# IAR ELF Linker V7.70.1.11437/W32 for ARM                21/Jul/2018  12:41:54
# Copyright 2007-2016 IAR Systems AB.
#
#    Output file  =  
#        D:\software\2018\NRF52832\nRF5_SDK_14.2.0_17b948a\med_tag\test\ble_app\pca10040\s132\iar\_build\ble_app_uart_pca10040_s132.out
#    Map file     =  
#        D:\software\2018\NRF52832\nRF5_SDK_14.2.0_17b948a\med_tag\test\ble_app\pca10040\s132\iar\_build\ble_app_uart_pca10040_s132.map
#    Command line =  
#        D:\software\2018\NRF52832\nRF5_SDK_14.2.0_17b948a\med_tag\test\ble_app\pca10040\s132\iar\_build\app_button.o
#        D:\software\2018\NRF52832\nRF5_SDK_14.2.0_17b948a\med_tag\test\ble_app\pca10040\s132\iar\_build\app_error.o
#        D:\software\2018\NRF52832\nRF5_SDK_14.2.0_17b948a\med_tag\test\ble_app\pca10040\s132\iar\_build\app_error_weak.o
#        D:\software\2018\NRF52832\nRF5_SDK_14.2.0_17b948a\med_tag\test\ble_app\pca10040\s132\iar\_build\app_fifo.o
#        D:\software\2018\NRF52832\nRF5_SDK_14.2.0_17b948a\med_tag\test\ble_app\pca10040\s132\iar\_build\app_scheduler.o
#        D:\software\2018\NRF52832\nRF5_SDK_14.2.0_17b948a\med_tag\test\ble_app\pca10040\s132\iar\_build\app_timer.o
#        D:\software\2018\NRF52832\nRF5_SDK_14.2.0_17b948a\med_tag\test\ble_app\pca10040\s132\iar\_build\app_uart_fifo.o
#        D:\software\2018\NRF52832\nRF5_SDK_14.2.0_17b948a\med_tag\test\ble_app\pca10040\s132\iar\_build\app_util_platform.o
#        D:\software\2018\NRF52832\nRF5_SDK_14.2.0_17b948a\med_tag\test\ble_app\pca10040\s132\iar\_build\ble_advdata.o
#        D:\software\2018\NRF52832\nRF5_SDK_14.2.0_17b948a\med_tag\test\ble_app\pca10040\s132\iar\_build\ble_advertising.o
#        D:\software\2018\NRF52832\nRF5_SDK_14.2.0_17b948a\med_tag\test\ble_app\pca10040\s132\iar\_build\ble_conn_params.o
#        D:\software\2018\NRF52832\nRF5_SDK_14.2.0_17b948a\med_tag\test\ble_app\pca10040\s132\iar\_build\ble_conn_state.o
#        D:\software\2018\NRF52832\nRF5_SDK_14.2.0_17b948a\med_tag\test\ble_app\pca10040\s132\iar\_build\ble_nus.o
#        D:\software\2018\NRF52832\nRF5_SDK_14.2.0_17b948a\med_tag\test\ble_app\pca10040\s132\iar\_build\ble_srv_common.o
#        D:\software\2018\NRF52832\nRF5_SDK_14.2.0_17b948a\med_tag\test\ble_app\pca10040\s132\iar\_build\boards.o
#        D:\software\2018\NRF52832\nRF5_SDK_14.2.0_17b948a\med_tag\test\ble_app\pca10040\s132\iar\_build\bsp.o
#        D:\software\2018\NRF52832\nRF5_SDK_14.2.0_17b948a\med_tag\test\ble_app\pca10040\s132\iar\_build\bsp_btn_ble.o
#        D:\software\2018\NRF52832\nRF5_SDK_14.2.0_17b948a\med_tag\test\ble_app\pca10040\s132\iar\_build\drv_mmed.o
#        D:\software\2018\NRF52832\nRF5_SDK_14.2.0_17b948a\med_tag\test\ble_app\pca10040\s132\iar\_build\drv_mmed_adc.o
#        D:\software\2018\NRF52832\nRF5_SDK_14.2.0_17b948a\med_tag\test\ble_app\pca10040\s132\iar\_build\drv_mmed_spi.o
#        D:\software\2018\NRF52832\nRF5_SDK_14.2.0_17b948a\med_tag\test\ble_app\pca10040\s132\iar\_build\drv_mmed_twi.o
#        D:\software\2018\NRF52832\nRF5_SDK_14.2.0_17b948a\med_tag\test\ble_app\pca10040\s132\iar\_build\hardfault_implementation.o
#        D:\software\2018\NRF52832\nRF5_SDK_14.2.0_17b948a\med_tag\test\ble_app\pca10040\s132\iar\_build\iar_startup_nrf52.o
#        D:\software\2018\NRF52832\nRF5_SDK_14.2.0_17b948a\med_tag\test\ble_app\pca10040\s132\iar\_build\m_mmed_local.o
#        D:\software\2018\NRF52832\nRF5_SDK_14.2.0_17b948a\med_tag\test\ble_app\pca10040\s132\iar\_build\main.o
#        D:\software\2018\NRF52832\nRF5_SDK_14.2.0_17b948a\med_tag\test\ble_app\pca10040\s132\iar\_build\nrf_assert.o
#        D:\software\2018\NRF52832\nRF5_SDK_14.2.0_17b948a\med_tag\test\ble_app\pca10040\s132\iar\_build\nrf_atfifo.o
#        D:\software\2018\NRF52832\nRF5_SDK_14.2.0_17b948a\med_tag\test\ble_app\pca10040\s132\iar\_build\nrf_balloc.o
#        D:\software\2018\NRF52832\nRF5_SDK_14.2.0_17b948a\med_tag\test\ble_app\pca10040\s132\iar\_build\nrf_ble_gatt.o
#        D:\software\2018\NRF52832\nRF5_SDK_14.2.0_17b948a\med_tag\test\ble_app\pca10040\s132\iar\_build\nrf_drv_clock.o
#        D:\software\2018\NRF52832\nRF5_SDK_14.2.0_17b948a\med_tag\test\ble_app\pca10040\s132\iar\_build\nrf_drv_common.o
#        D:\software\2018\NRF52832\nRF5_SDK_14.2.0_17b948a\med_tag\test\ble_app\pca10040\s132\iar\_build\nrf_drv_comp.o
#        D:\software\2018\NRF52832\nRF5_SDK_14.2.0_17b948a\med_tag\test\ble_app\pca10040\s132\iar\_build\nrf_drv_gpiote.o
#        D:\software\2018\NRF52832\nRF5_SDK_14.2.0_17b948a\med_tag\test\ble_app\pca10040\s132\iar\_build\nrf_drv_lpcomp.o
#        D:\software\2018\NRF52832\nRF5_SDK_14.2.0_17b948a\med_tag\test\ble_app\pca10040\s132\iar\_build\nrf_drv_power.o
#        D:\software\2018\NRF52832\nRF5_SDK_14.2.0_17b948a\med_tag\test\ble_app\pca10040\s132\iar\_build\nrf_drv_ppi.o
#        D:\software\2018\NRF52832\nRF5_SDK_14.2.0_17b948a\med_tag\test\ble_app\pca10040\s132\iar\_build\nrf_drv_saadc.o
#        D:\software\2018\NRF52832\nRF5_SDK_14.2.0_17b948a\med_tag\test\ble_app\pca10040\s132\iar\_build\nrf_drv_spi.o
#        D:\software\2018\NRF52832\nRF5_SDK_14.2.0_17b948a\med_tag\test\ble_app\pca10040\s132\iar\_build\nrf_drv_timer.o
#        D:\software\2018\NRF52832\nRF5_SDK_14.2.0_17b948a\med_tag\test\ble_app\pca10040\s132\iar\_build\nrf_drv_twi.o
#        D:\software\2018\NRF52832\nRF5_SDK_14.2.0_17b948a\med_tag\test\ble_app\pca10040\s132\iar\_build\nrf_drv_uart.o
#        D:\software\2018\NRF52832\nRF5_SDK_14.2.0_17b948a\med_tag\test\ble_app\pca10040\s132\iar\_build\nrf_fprintf.o
#        D:\software\2018\NRF52832\nRF5_SDK_14.2.0_17b948a\med_tag\test\ble_app\pca10040\s132\iar\_build\nrf_fprintf_format.o
#        D:\software\2018\NRF52832\nRF5_SDK_14.2.0_17b948a\med_tag\test\ble_app\pca10040\s132\iar\_build\nrf_fstorage.o
#        D:\software\2018\NRF52832\nRF5_SDK_14.2.0_17b948a\med_tag\test\ble_app\pca10040\s132\iar\_build\nrf_fstorage_sd.o
#        D:\software\2018\NRF52832\nRF5_SDK_14.2.0_17b948a\med_tag\test\ble_app\pca10040\s132\iar\_build\nrf_log_backend_rtt.o
#        D:\software\2018\NRF52832\nRF5_SDK_14.2.0_17b948a\med_tag\test\ble_app\pca10040\s132\iar\_build\nrf_log_backend_serial.o
#        D:\software\2018\NRF52832\nRF5_SDK_14.2.0_17b948a\med_tag\test\ble_app\pca10040\s132\iar\_build\nrf_log_default_backends.o
#        D:\software\2018\NRF52832\nRF5_SDK_14.2.0_17b948a\med_tag\test\ble_app\pca10040\s132\iar\_build\nrf_log_frontend.o
#        D:\software\2018\NRF52832\nRF5_SDK_14.2.0_17b948a\med_tag\test\ble_app\pca10040\s132\iar\_build\nrf_log_str_formatter.o
#        D:\software\2018\NRF52832\nRF5_SDK_14.2.0_17b948a\med_tag\test\ble_app\pca10040\s132\iar\_build\nrf_memobj.o
#        D:\software\2018\NRF52832\nRF5_SDK_14.2.0_17b948a\med_tag\test\ble_app\pca10040\s132\iar\_build\nrf_pwr_mgmt.o
#        D:\software\2018\NRF52832\nRF5_SDK_14.2.0_17b948a\med_tag\test\ble_app\pca10040\s132\iar\_build\nrf_saadc.o
#        D:\software\2018\NRF52832\nRF5_SDK_14.2.0_17b948a\med_tag\test\ble_app\pca10040\s132\iar\_build\nrf_sdh.o
#        D:\software\2018\NRF52832\nRF5_SDK_14.2.0_17b948a\med_tag\test\ble_app\pca10040\s132\iar\_build\nrf_sdh_ble.o
#        D:\software\2018\NRF52832\nRF5_SDK_14.2.0_17b948a\med_tag\test\ble_app\pca10040\s132\iar\_build\nrf_sdh_soc.o
#        D:\software\2018\NRF52832\nRF5_SDK_14.2.0_17b948a\med_tag\test\ble_app\pca10040\s132\iar\_build\nrf_section_iter.o
#        D:\software\2018\NRF52832\nRF5_SDK_14.2.0_17b948a\med_tag\test\ble_app\pca10040\s132\iar\_build\nrf_strerror.o
#        D:\software\2018\NRF52832\nRF5_SDK_14.2.0_17b948a\med_tag\test\ble_app\pca10040\s132\iar\_build\retarget.o
#        D:\software\2018\NRF52832\nRF5_SDK_14.2.0_17b948a\med_tag\test\ble_app\pca10040\s132\iar\_build\sdk_mapped_flags.o
#        D:\software\2018\NRF52832\nRF5_SDK_14.2.0_17b948a\med_tag\test\ble_app\pca10040\s132\iar\_build\SEGGER_RTT.o
#        D:\software\2018\NRF52832\nRF5_SDK_14.2.0_17b948a\med_tag\test\ble_app\pca10040\s132\iar\_build\SEGGER_RTT_printf.o
#        D:\software\2018\NRF52832\nRF5_SDK_14.2.0_17b948a\med_tag\test\ble_app\pca10040\s132\iar\_build\SEGGER_RTT_Syscalls_IAR.o
#        D:\software\2018\NRF52832\nRF5_SDK_14.2.0_17b948a\med_tag\test\ble_app\pca10040\s132\iar\_build\system_nrf52.o
#        --redirect _Printf=_PrintfFull --redirect _Scanf=_ScanfFull -o
#        D:\software\2018\NRF52832\nRF5_SDK_14.2.0_17b948a\med_tag\test\ble_app\pca10040\s132\iar\_build\ble_app_uart_pca10040_s132.out
#        --map
#        D:\software\2018\NRF52832\nRF5_SDK_14.2.0_17b948a\med_tag\test\ble_app\pca10040\s132\iar\_build\ble_app_uart_pca10040_s132.map
#        --config
#        D:\software\2018\NRF52832\nRF5_SDK_14.2.0_17b948a\med_tag\test\ble_app\pca10040\s132\iar\ble_app_uart_iar_nRF5x.icf
#        --warnings_are_errors --entry __iar_program_start --inline --vfe
#
###############################################################################

*******************************************************************************
*** RUNTIME MODEL ATTRIBUTES
***

CppFlavor                     = *
__SystemLibrary               = DLib
__dlib_dynamic_initialization = normal


*******************************************************************************
*** PLACEMENT SUMMARY
***

"A0":  place at 0x00023000 { ro section .intvec };
"P1":  place in [from 0x00023000 to 0x0007ffff] { ro };
"P2":  place in [from 0x20002a68 to 0x2000ffff] { rw, block CSTACK, block HEAP };
initialize by copy { rw };
 { section .intvec };

  Section                 Kind        Address    Size  Object
  -------                 ----        -------    ----  ------
"A0":                                           0x200
  .intvec                 ro code  0x00023000   0x200  iar_startup_nrf52.o [1]
                                 - 0x00023200   0x200

"P1":                                          0x7263
  .text                   ro code  0x00023200   0x848  nrf_drv_uart.o [1]
  .text                   ro code  0x00023a48    0xbc  nrf_drv_common.o [1]
  .text                   ro code  0x00023b04    0x68  app_util_platform.o [1]
  .text                   ro code  0x00023b6c   0x17c  nrf_drv_clock.o [1]
  .text                   ro code  0x00023ce8   0x104  nrf_drv_power.o [1]
  .text                   ro code  0x00023dec   0x264  nrf_sdh.o [1]
  .text                   ro code  0x00024050    0x46  nrf_section_iter.o [1]
  .text                   ro code  0x00024096     0x2  iar_startup_nrf52.o [1]
  .text                   ro code  0x00024098    0x22  app_error.o [1]
  .text                   ro code  0x000240ba     0x2  iar_startup_nrf52.o [1]
  .text                   ro code  0x000240bc    0x68  app_error_weak.o [1]
  .text                   ro code  0x00024124   0x510  nrf_log_frontend.o [1]
  .text                   ro code  0x00024634   0x154  nrf_memobj.o [1]
  .text                   ro code  0x00024788    0xa2  nrf_balloc.o [1]
  .text                   ro code  0x0002482a     0x2  iar_startup_nrf52.o [1]
  .text                   ro code  0x0002482c    0x76  ABImemcpy_unaligned.o [5]
  .text                   ro code  0x000248a2     0x2  iar_startup_nrf52.o [1]
  .text                   ro code  0x000248a4   0x678  nrf_drv_twi.o [1]
  .text                   ro code  0x00024f1c   0x60c  app_timer.o [1]
  .text                   ro code  0x00025528    0xf4  app_scheduler.o [1]
  .text                   ro code  0x0002561c   0x512  ble_advdata.o [1]
  .text                   ro code  0x00025b2e     0x2  iar_startup_nrf52.o [1]
  .text                   ro code  0x00025b30   0x474  nrf_drv_gpiote.o [1]
  .text                   ro code  0x00025fa4    0x3a  ABImemset48.o [5]
  .text                   ro code  0x00025fde     0x2  iar_startup_nrf52.o [1]
  .text                   ro code  0x00025fe0   0x44c  main.o [1]
  .text                   ro code  0x0002642c   0x2f4  m_mmed_local.o [1]
  .text                   ro code  0x00026720    0xfc  bsp_btn_ble.o [1]
  .text                   ro code  0x0002681c   0x364  bsp.o [1]
  .text                   ro code  0x00026b80   0x3ac  nrf_ble_gatt.o [1]
  .text                   ro code  0x00026f2c   0x428  nrf_sdh_ble.o [1]
  .text                   ro code  0x00027354   0x224  ble_nus.o [1]
  .text                   ro code  0x00027578     0x6  ABImemclr4.o [5]
  .text                   ro code  0x0002757e     0x2  iar_startup_nrf52.o [1]
  .text                   ro code  0x00027580   0x3c0  ble_advertising.o [1]
  .text                   ro code  0x00027940   0x250  ble_conn_params.o [1]
  .text                   ro code  0x00027b90    0xec  drv_mmed.o [1]
  .text                   ro code  0x00027c7c    0x1c  nrf_log_default_backends.o [1]
  .text                   ro code  0x00027c98   0x174  nrf_pwr_mgmt.o [1]
  .text                   ro code  0x00027e0c   0x168  drv_mmed_adc.o [1]
  .text                   ro code  0x00027f74   0x1c8  app_uart_fifo.o [1]
  .text                   ro code  0x0002813c    0xd1  boards.o [1]
  .text                   ro code  0x0002820e     0x2  iar_startup_nrf52.o [1]
  .text                   ro code  0x00028210    0xee  I64DivMod.o [5]
  .text                   ro code  0x000282fe     0x2  iar_startup_nrf52.o [1]
  .text                   ro code  0x00028300   0x150  app_button.o [1]
  .text                   ro code  0x00028450   0x14c  nrf_strerror.o [1]
  .text                   ro code  0x0002859c    0x18  ble_srv_common.o [1]
  .text                   ro code  0x000285b4     0x6  ABImemclr.o [5]
  .text                   ro code  0x000285ba     0x2  iar_startup_nrf52.o [1]
  .text                   ro code  0x000285bc    0x54  nrf_fstorage.o [1]
  .text                   ro code  0x00028610    0xdc  drv_mmed_twi.o [1]
  .text                   ro code  0x000286ec    0x48  nrf_log_backend_rtt.o [1]
  .text                   ro code  0x00028734   0x158  nrf_drv_ppi.o [1]
  .text                   ro code  0x0002888c   0x310  nrf_drv_saadc.o [1]
  .text                   ro code  0x00028b9c   0x164  nrf_drv_timer.o [1]
  .text                   ro code  0x00028d00    0x8e  app_fifo.o [1]
  .text                   ro code  0x00028d8e     0x2  iar_startup_nrf52.o [1]
  .text                   ro code  0x00028d90     0x2  I64DivZer.o [5]
  .text                   ro code  0x00028d92     0x2  iar_startup_nrf52.o [1]
  .text                   ro code  0x00028d94    0x5e  ABImemset.o [5]
  .text                   ro code  0x00028df2     0x2  iar_startup_nrf52.o [1]
  .text                   ro code  0x00028df4   0x17c  SEGGER_RTT.o [1]
  .text                   ro code  0x00028f70    0xf4  nrf_log_backend_serial.o [1]
  .text                   ro code  0x00029064    0x58  nrf_saadc.o [1]
  .text                   ro code  0x000290bc   0x1d0  nrf_log_str_formatter.o [1]
  .text                   ro code  0x0002928c    0x3c  nrf_fprintf.o [1]
  .text                   ro code  0x000292c8    0x28  isxxx.o [3]
  .text                   ro code  0x000292f0   0x324  nrf_fprintf_format.o [1]
  .text                   ro code  0x00029614    0x18  setlocale.o [3]
  .text                   ro code  0x0002962c    0x16  xlocale_c.o [3]
  .text                   ro code  0x00029642    0x24  xlocale_c.o [3]
  .text                   ro code  0x00029666     0x2  iar_startup_nrf52.o [1]
  .text                   ro code  0x00029668    0x36  strlen.o [5]
  .text                   ro code  0x0002969e     0x2  iar_startup_nrf52.o [1]
  .rodata                 const    0x000296a0   0x308  nrf_strerror.o [1]
  .text                   ro code  0x000299a8   0x284  system_nrf52.o [1]
  .text                   ro code  0x00029c2c   0x18c  nrf_fstorage_sd.o [1]
  .text                   ro code  0x00029db8    0x78  nrf_atfifo.o [1]
  .text                   ro code  0x00029e30    0xe8  ble_conn_state.o [1]
  .text                   ro code  0x00029f18    0xa6  sdk_mapped_flags.o [1]
  .text                   ro code  0x00029fbe     0x2  iar_startup_nrf52.o [1]
  log_const_data                   0x00029fc0    0x90  <Block>
    log_const_data        const    0x00029fc0     0x8  nrf_balloc.o [1]
    log_const_data        const    0x00029fc8     0x8  nrf_ble_gatt.o [1]
    log_const_data        const    0x00029fd0     0x8  nrf_drv_clock.o [1]
    log_const_data        const    0x00029fd8     0x8  nrf_drv_common.o [1]
    log_const_data        const    0x00029fe0     0x8  nrf_drv_comp.o [1]
    log_const_data        const    0x00029fe8     0x8  nrf_drv_gpiote.o [1]
    log_const_data        const    0x00029ff0     0x8  nrf_drv_lpcomp.o [1]
    log_const_data        const    0x00029ff8     0x8  nrf_drv_ppi.o [1]
    log_const_data        const    0x0002a000     0x8  nrf_drv_saadc.o [1]
    log_const_data        const    0x0002a008     0x8  nrf_drv_spi.o [1]
    log_const_data        const    0x0002a010     0x8  nrf_drv_timer.o [1]
    log_const_data        const    0x0002a018     0x8  nrf_drv_twi.o [1]
    log_const_data        const    0x0002a020     0x8  nrf_drv_uart.o [1]
    log_const_data        const    0x0002a028     0x8  nrf_log_frontend.o [1]
    log_const_data        const    0x0002a030     0x8  nrf_pwr_mgmt.o [1]
    log_const_data        const    0x0002a038     0x8  nrf_sdh.o [1]
    log_const_data        const    0x0002a040     0x8  nrf_sdh_ble.o [1]
    log_const_data        const    0x0002a048     0x8  nrf_sdh_soc.o [1]
  .rodata                 const    0x0002a050    0x60  nrf_log_str_formatter.o [1]
  .text                   ro code  0x0002a0b0    0x44  nrf_sdh_soc.o [1]
  .text                   ro code  0x0002a0f4    0x40  zero_init3.o [5]
  .rodata                 const    0x0002a134    0x38  nrf_sdh.o [1]
  .text                   ro code  0x0002a16c    0x38  packbits_init_single.o [5]
  .rodata                 const    0x0002a1a4    0x2c  nrf_sdh_ble.o [1]
  .text                   ro code  0x0002a1d0    0x28  data_init.o [5]
  .rodata                 const    0x0002a1f8    0x24  nrf_pwr_mgmt.o [1]
  .text                   ro code  0x0002a21c    0x22  fpinit_M.o [4]
  .iar.init_table         const    0x0002a240    0x28  - Linker created -
  .text                   ro code  0x0002a268     0x2  iar_startup_nrf52.o [1]
  sdh_ble_observers1               0x0002a26c    0x20  <Block>
    sdh_ble_observers1    const    0x0002a26c     0x8  ble_conn_params.o [1]
    sdh_ble_observers1    const    0x0002a274     0x8  bsp_btn_ble.o [1]
    sdh_ble_observers1    const    0x0002a27c     0x8  main.o [1]
    sdh_ble_observers1    const    0x0002a284     0x8  main.o [1]
  .rodata                 const    0x0002a28c    0x1c  app_error_weak.o [1]
  .rodata                 const    0x0002a2a8    0x1c  nrf_sdh_soc.o [1]
  .text                   ro code  0x0002a2c4    0x1a  cmain.o [5]
  .text                   ro code  0x0002a2de     0x4  exit.o [3]
  .text                   ro code  0x0002a2e2     0x2  iar_startup_nrf52.o [1]
  .text                   ro code  0x0002a2e4     0xa  cexit.o [5]
  .text                   ro code  0x0002a2ee     0x2  iar_startup_nrf52.o [1]
  .text                   ro code  0x0002a2f0     0xc  XXexit.o [5]
  sdh_soc_observers0               0x0002a2fc    0x18  <Block>
    sdh_soc_observers0    const    0x0002a2fc     0x8  nrf_drv_clock.o [1]
    sdh_soc_observers0    const    0x0002a304     0x8  nrf_drv_power.o [1]
    sdh_soc_observers0    const    0x0002a30c     0x8  nrf_fstorage_sd.o [1]
  sdh_state_observers0             0x0002a314    0x18  <Block>
    sdh_state_observers0  const    0x0002a314     0x8  nrf_drv_clock.o [1]
    sdh_state_observers0  const    0x0002a31c     0x8  nrf_drv_power.o [1]
    sdh_state_observers0  const    0x0002a324     0x8  nrf_fstorage_sd.o [1]
  .text                   ro code  0x0002a32c    0x10  iar_startup_nrf52.o [1]
  sdh_stack_observers0             0x0002a33c    0x10  <Block>
    sdh_stack_observers0  const    0x0002a33c     0x8  nrf_sdh_ble.o [1]
    sdh_stack_observers0  const    0x0002a344     0x8  nrf_sdh_soc.o [1]
  .rodata                 const    0x0002a34c     0xc  nrf_ble_gatt.o [1]
  .rodata                 const    0x0002a358     0xc  nrf_log_backend_rtt.o [1]
  .text                   ro code  0x0002a364     0xc  cstartup_M.o [5]
  .rodata                 const    0x0002a370     0x8  nrf_balloc.o [1]
  .rodata                 const    0x0002a378     0x8  nrf_drv_clock.o [1]
  .rodata                 const    0x0002a380     0x8  nrf_drv_common.o [1]
  .rodata                 const    0x0002a388     0x8  nrf_drv_comp.o [1]
  .rodata                 const    0x0002a390     0x8  nrf_drv_gpiote.o [1]
  .rodata                 const    0x0002a398     0x8  nrf_drv_lpcomp.o [1]
  .rodata                 const    0x0002a3a0     0x8  nrf_drv_saadc.o [1]
  .rodata                 const    0x0002a3a8     0x8  nrf_drv_timer.o [1]
  .rodata                 const    0x0002a3b0     0x8  nrf_drv_uart.o [1]
  sdh_ble_observers0               0x0002a3b8     0x8  <Block>
    sdh_ble_observers0    const    0x0002a3b8     0x8  ble_conn_state.o [1]
  sdh_ble_observers2               0x0002a3c0     0x8  <Block>
    sdh_ble_observers2    const    0x0002a3c0     0x8  main.o [1]
  sdh_ble_observers3               0x0002a3c8     0x8  <Block>
    sdh_ble_observers3    const    0x0002a3c8     0x8  main.o [1]
  sdh_req_observers0               0x0002a3d0     0x8  <Block>
    sdh_req_observers0    const    0x0002a3d0     0x8  nrf_fstorage_sd.o [1]
  sdh_soc_observers1               0x0002a3d8     0x8  <Block>
    sdh_soc_observers1    const    0x0002a3d8     0x8  main.o [1]
  .rodata                 const    0x0002a3e0     0x4  nrf_drv_ppi.o [1]
  .rodata                 const    0x0002a3e4     0x4  nrf_drv_spi.o [1]
  .rodata                 const    0x0002a3e8     0x4  nrf_drv_twi.o [1]
  .rodata                 const    0x0002a3ec     0x4  nrf_log_frontend.o [1]
  .text                   ro code  0x0002a3f0     0x2  iar_startup_nrf52.o [1]
  .text                   ro code  0x0002a3f2     0x2  iar_startup_nrf52.o [1]
  .text                   ro code  0x0002a3f4     0x2  iar_startup_nrf52.o [1]
  .text                   ro code  0x0002a3f6     0x2  iar_startup_nrf52.o [1]
  .text                   ro code  0x0002a3f8     0x2  iar_startup_nrf52.o [1]
  .text                   ro code  0x0002a3fa     0x2  iar_startup_nrf52.o [1]
  .text                   ro code  0x0002a3fc     0x2  iar_startup_nrf52.o [1]
  .text                   ro code  0x0002a3fe     0x2  iar_startup_nrf52.o [1]
  .text                   ro code  0x0002a400     0x2  iar_startup_nrf52.o [1]
  .text                   ro code  0x0002a402     0x2  iar_startup_nrf52.o [1]
  .text                   ro code  0x0002a404     0x2  iar_startup_nrf52.o [1]
  .text                   ro code  0x0002a406     0x2  iar_startup_nrf52.o [1]
  .text                   ro code  0x0002a408     0x2  iar_startup_nrf52.o [1]
  .text                   ro code  0x0002a40a     0x2  iar_startup_nrf52.o [1]
  .text                   ro code  0x0002a40c     0x2  iar_startup_nrf52.o [1]
  .text                   ro code  0x0002a40e     0x2  iar_startup_nrf52.o [1]
  .rodata                 const    0x0002a410     0x0  zero_init3.o [5]
  .rodata                 const    0x0002a410     0x0  packbits_init_single.o [5]
  Initializer bytes       const    0x0002a410    0x53  <for P2-1>
                                 - 0x0002a463  0x7263

"P2", part 1 of 4:                              0x1ec
  P2-1                             0x20002a68   0x1ec  <Init block>
    .data                 inited   0x20002a68    0x34  app_uart_fifo.o [1]
    .data                 inited   0x20002a9c    0xfc  main.o [1]
    .data                 inited   0x20002b98     0xc  nrf_log_default_backends.o [1]
    .data                 inited   0x20002ba4    0x38  nrf_log_str_formatter.o [1]
    .data                 inited   0x20002bdc     0x4  system_nrf52.o [1]
    __DLIB_PERTHREAD      inited   0x20002be0    0x74  setlocale.o [3]
                                 - 0x20002c54   0x1ec

"P2", part 2 of 4:                               0xd8
  log_dynamic_data                 0x20002c54    0xd8  <Block>
    log_dynamic_data      zero     0x20002c54     0xc  nrf_balloc.o [1]
    log_dynamic_data      zero     0x20002c60     0xc  nrf_ble_gatt.o [1]
    log_dynamic_data      zero     0x20002c6c     0xc  nrf_drv_clock.o [1]
    log_dynamic_data      zero     0x20002c78     0xc  nrf_drv_common.o [1]
    log_dynamic_data      zero     0x20002c84     0xc  nrf_drv_comp.o [1]
    log_dynamic_data      zero     0x20002c90     0xc  nrf_drv_gpiote.o [1]
    log_dynamic_data      zero     0x20002c9c     0xc  nrf_drv_lpcomp.o [1]
    log_dynamic_data      zero     0x20002ca8     0xc  nrf_drv_ppi.o [1]
    log_dynamic_data      zero     0x20002cb4     0xc  nrf_drv_saadc.o [1]
    log_dynamic_data      zero     0x20002cc0     0xc  nrf_drv_spi.o [1]
    log_dynamic_data      zero     0x20002ccc     0xc  nrf_drv_timer.o [1]
    log_dynamic_data      zero     0x20002cd8     0xc  nrf_drv_twi.o [1]
    log_dynamic_data      zero     0x20002ce4     0xc  nrf_drv_uart.o [1]
    log_dynamic_data      zero     0x20002cf0     0xc  nrf_log_frontend.o [1]
    log_dynamic_data      zero     0x20002cfc     0xc  nrf_pwr_mgmt.o [1]
    log_dynamic_data      zero     0x20002d08     0xc  nrf_sdh.o [1]
    log_dynamic_data      zero     0x20002d14     0xc  nrf_sdh_ble.o [1]
    log_dynamic_data      zero     0x20002d20     0xc  nrf_sdh_soc.o [1]
                                 - 0x20002d2c    0xd8

"P2", part 3 of 4:                              0x800
  CSTACK                           0x20002d30   0x800  <Block>
    CSTACK                uninit   0x20002d30   0x800  <Block tail>
                                 - 0x20003530   0x800

"P2", part 4 of 4:                             0x1360
  .bss                    zero     0x20003530   0x420  nrf_log_frontend.o [1]
  .bss                    zero     0x20003950   0x3d0  main.o [1]
  .bss                    zero     0x20003d20   0x288  SEGGER_RTT.o [1]
  .bss                    zero     0x20003fa8   0x210  m_mmed_local.o [1]
  .bss                    zero     0x200041b8   0x10c  app_timer.o [1]
  .bss                    zero     0x200042c4    0xc0  nrf_log_frontend.o [1]
  .bss                    zero     0x20004384    0xb8  ble_conn_state.o [1]
  .bss                    zero     0x2000443c    0xb8  nrf_fstorage_sd.o [1]
  .bss                    zero     0x200044f4    0x74  bsp.o [1]
  .bss                    zero     0x20004568    0x58  nrf_drv_gpiote.o [1]
  .bss                    zero     0x200045c0    0x40  m_mmed_local.o [1]
  .bss                    zero     0x20004600    0x40  m_mmed_local.o [1]
  .bss                    zero     0x20004640    0x40  nrf_log_backend_rtt.o [1]
  .bss                    zero     0x20004680    0x3c  ble_conn_params.o [1]
  .bss                    zero     0x200046bc    0x34  app_button.o [1]
  .bss                    zero     0x200046f0    0x34  nrf_pwr_mgmt.o [1]
  .bss                    zero     0x20004724    0x30  nrf_drv_saadc.o [1]
  .bss                    zero     0x20004754    0x28  nrf_drv_twi.o [1]
  .bss                    zero     0x2000477c    0x20  nrf_drv_uart.o [1]
  .bss                    zero     0x2000479c    0x1c  ble_conn_params.o [1]
  .bss                    zero     0x200047b8    0x1c  drv_mmed_adc.o [1]
  .bss                    zero     0x200047d4    0x18  nrf_drv_timer.o [1]
  .bss                    zero     0x200047ec    0x14  app_timer.o [1]
  .bss                    zero     0x20004800    0x14  main.o [1]
  .bss                    zero     0x20004814    0x14  nrf_drv_clock.o [1]
  .bss                    zero     0x20004828    0x10  app_scheduler.o [1]
  .bss                    zero     0x20004838    0x10  nrf_drv_common.o [1]
  .bss                    zero     0x20004848     0xc  app_util_platform.o [1]
  .bss                    zero     0x20004854     0x8  bsp_btn_ble.o [1]
  .bss                    zero     0x2000485c     0x8  drv_mmed.o [1]
  .bss                    zero     0x20004864     0x8  nrf_drv_power.o [1]
  .bss                    zero     0x2000486c     0x8  nrf_drv_ppi.o [1]
  .bss                    zero     0x20004874     0x8  nrf_log_frontend.o [1]
  .bss                    zero     0x2000487c     0x8  nrf_log_frontend.o [1]
  .bss                    zero     0x20004884     0x4  m_mmed_local.o [1]
  .bss                    zero     0x20004888     0x3  nrf_sdh.o [1]
  .bss                    zero     0x2000488b     0x2  drv_mmed_twi.o [1]
  .bss                    zero     0x2000488d     0x1  nrf_drv_power.o [1]
                                 - 0x2000488e  0x135e


*******************************************************************************
*** INIT TABLE
***

          Address     Size
          -------     ----
Zero (__iar_zero_init3)
    2 destination ranges, total size 0x1436:
          0x20002c54    0xd8
          0x20003530  0x135e

Copy/packbits (__iar_packbits_init_single3)
    1 source range, total size 0x53 (16% of destination):
          0x0002a410    0x53
    1 destination range, total size 0x1ec:
          0x20002a68   0x1ec



*******************************************************************************
*** MODULE SUMMARY
***

    Module                      ro code  ro data  rw data
    ------                      -------  -------  -------
D:\software\2018\NRF52832\nRF5_SDK_14.2.0_17b948a\med_tag\test\ble_app\pca10040\s132\iar\_build: [1]
    SEGGER_RTT.o                    380               648
    app_button.o                    336                52
    app_error.o                      34
    app_error_weak.o                104       28
    app_fifo.o                      142
    app_scheduler.o                 244                16
    app_timer.o                   1 548               288
    app_uart_fifo.o                 456        8       52
    app_util_platform.o             104                12
    ble_advdata.o                 1 298
    ble_advertising.o               960
    ble_conn_params.o               592        8       88
    ble_conn_state.o                232        8      184
    ble_nus.o                       548
    ble_srv_common.o                 24
    boards.o                        209
    bsp.o                           868               116
    bsp_btn_ble.o                   252        8        8
    drv_mmed.o                      236                 8
    drv_mmed_adc.o                  360                28
    drv_mmed_twi.o                  220                 2
    iar_startup_nrf52.o             598
    m_mmed_local.o                  756               660
    main.o                        1 100       83    1 248
    nrf_atfifo.o                    120
    nrf_balloc.o                    162       16       12
    nrf_ble_gatt.o                  940       20       12
    nrf_drv_clock.o                 380       32       32
    nrf_drv_common.o                188       16       28
    nrf_drv_comp.o                            16       12
    nrf_drv_gpiote.o              1 140       16      100
    nrf_drv_lpcomp.o                          16       12
    nrf_drv_power.o                 260       16        9
    nrf_drv_ppi.o                   344       12       20
    nrf_drv_saadc.o                 784       16       60
    nrf_drv_spi.o                             12       12
    nrf_drv_timer.o                 356       16       36
    nrf_drv_twi.o                 1 656       12       52
    nrf_drv_uart.o                2 120       16       44
    nrf_fprintf.o                    60
    nrf_fprintf_format.o            804
    nrf_fstorage.o                   84
    nrf_fstorage_sd.o               396       24      184
    nrf_log_backend_rtt.o            72       12       64
    nrf_log_backend_serial.o        244
    nrf_log_default_backends.o       28        2       12
    nrf_log_frontend.o            1 296       12    1 276
    nrf_log_str_formatter.o         464      105       56
    nrf_memobj.o                    340
    nrf_pwr_mgmt.o                  372       44       64
    nrf_saadc.o                      88
    nrf_sdh.o                       612       64       15
    nrf_sdh_ble.o                 1 064       60       12
    nrf_sdh_soc.o                    68       44       12
    nrf_section_iter.o               70
    nrf_strerror.o                  332      776
    sdk_mapped_flags.o              166
    system_nrf52.o                  644        1        4
    -----------------------------------------------------
    Total:                       27 255    1 519    5 550

command line: [2]
    -----------------------------------------------------
    Total:

dl7M_tlf.a: [3]
    exit.o                            4
    isxxx.o                          40
    setlocale.o                      24       20      116
    xlocale_c.o                      58
    -----------------------------------------------------
    Total:                          126       20      116

m7M_tls.a: [4]
    fpinit_M.o                       34
    -----------------------------------------------------
    Total:                           34

rt7M_tl.a: [5]
    ABImemclr.o                       6
    ABImemclr4.o                      6
    ABImemcpy_unaligned.o           118
    ABImemset.o                      94
    ABImemset48.o                    58
    I64DivMod.o                     238
    I64DivZer.o                       2
    XXexit.o                         12
    cexit.o                          10
    cmain.o                          26
    cstartup_M.o                     12
    data_init.o                      40
    packbits_init_single.o           56
    strlen.o                         54
    zero_init3.o                     64
    -----------------------------------------------------
    Total:                          796

    Gaps                              1        2
    Linker created                            40    2 048
---------------------------------------------------------
    Grand Total:                 28 212    1 581    7 714


*******************************************************************************
*** ENTRY LIST
***

Entry                      Address   Size  Type      Object
-----                      -------   ----  ----      ------
.iar.init_table$$Base   0x0002a240          --   Gb  - Linker created -
.iar.init_table$$Limit  0x0002a268          --   Gb  - Linker created -
?main                   0x0002a2c5         Code  Gb  cmain.o [5]
AdcFunType              0x20003fb0    0x1  Data  Gb  m_mmed_local.o [1]
COMP_LPCOMP_IRQHandler  0x00023a4f    0x6  Code  Gb  nrf_drv_common.o [1]
CSTACK$$Base            0x20002d30          --   Gb  - Linker created -
CSTACK$$Limit           0x20003530          --   Gb  - Linker created -
Decode_Recieved_Command
                        0x000264ab   0x8e  Code  Gb  m_mmed_local.o [1]
GPIOTE_IRQHandler       0x00025e1b  0x168  Code  Gb  nrf_drv_gpiote.o [1]
Live_Streaming_flag     0x20003fac    0x1  Data  Gb  m_mmed_local.o [1]
MMDTSTRxPacket          0x20004600   0x40  Data  Gb  m_mmed_local.o [1]
MMDTSTTxCount           0x20003fad    0x1  Data  Gb  m_mmed_local.o [1]
MMDTSTTxPacket          0x200045c0   0x40  Data  Gb  m_mmed_local.o [1]
MMDTSTTxPacketRdy       0x20003fae    0x1  Data  Gb  m_mmed_local.o [1]
MMDTST_Recoder_state    0x20003fa8    0x4  Data  Gb  m_mmed_local.o [1]
NVIC_ClearPendingIRQ    0x00024f3f    0xe  Code  Lc  app_timer.o [1]
NVIC_EnableIRQ          0x00024f1d    0xe  Code  Lc  app_timer.o [1]
NVIC_SetPendingIRQ      0x00024f2b    0xc  Code  Lc  app_timer.o [1]
NVIC_SetPriority        0x00024f4d   0x1e  Code  Lc  app_timer.o [1]
POWER_CLOCK_IRQHandler  0x00023aa5    0xe  Code  Gb  nrf_drv_common.o [1]
RTC1_IRQHandler         0x00025351   0x86  Code  Gb  app_timer.o [1]
RecvFrame               0x0002654d   0x80  Code  Gb  m_mmed_local.o [1]
RecvInit                0x00026543    0xa  Code  Gb  m_mmed_local.o [1]
Region$$Table$$Base     0x0002a240          --   Gb  - Linker created -
Region$$Table$$Limit    0x0002a268          --   Gb  - Linker created -
SAADC_IRQHandler        0x000288bf  0x142  Code  Gb  nrf_drv_saadc.o [1]
SEGGER_RTT_Init         0x00028f55    0x2  Code  Gb  SEGGER_RTT.o [1]
SEGGER_RTT_WriteNoLock  0x00028f01   0x4e  Code  Gb  SEGGER_RTT.o [1]
SPIM0_SPIS0_TWIM0_TWIS0_SPI0_TWI0_IRQHandler
                        0x00023a49    0x6  Code  Gb  nrf_drv_common.o [1]
SWI0_EGU0_IRQHandler    0x000253d7    0x2  Code  Gb  app_timer.o [1]
SWI2_EGU2_IRQHandler    0x00024027    0x2  Code  Gb  nrf_sdh.o [1]
StreamCount             0x20003fb1    0x1  Data  Gb  m_mmed_local.o [1]
Stream_Data             0x00026673   0x78  Code  Gb  m_mmed_local.o [1]
SystemCoreClock         0x20002bdc    0x4  Data  Gb  system_nrf52.o [1]
SystemInit              0x000299a9  0x22e  Code  Gb  system_nrf52.o [1]
TIMER0_IRQHandler       0x00028ce1    0x8  Code  Gb  nrf_drv_timer.o [1]
TIMER1_IRQHandler       0x00028ce9    0x8  Code  Gb  nrf_drv_timer.o [1]
UARTE0_UART0_IRQHandler
                        0x00023a1d   0x10  Code  Gb  nrf_drv_uart.o [1]
_DoInit                 0x00028df5   0x56  Code  Lc  SEGGER_RTT.o [1]
_GetAvailWriteSpace     0x00028ed9   0x18  Code  Lc  SEGGER_RTT.o [1]
_IsdstStr               0x20002be4    0x4  Data  Gb  setlocale.o [3]
_LocaleC_isalpha        0x0002962d   0x16  Code  Gb  xlocale_c.o [3]
_LocaleC_ispunct        0x00029643   0x24  Code  Gb  xlocale_c.o [3]
_LocaleForCat           0x00029615   0x12  Code  Gb  setlocale.o [3]
_LocaleReturnString     0x20002c04   0x50  Data  Lc  setlocale.o [3]
_Locale_Profile         0x20002be8   0x1c  Data  Gb  setlocale.o [3]
_SEGGER_RTT             0x20003d20   0x78  Data  Gb  SEGGER_RTT.o [1]
_TzoneStr               0x20002be0    0x4  Data  Gb  setlocale.o [3]
_WriteBlocking          0x00028e4b   0x54  Code  Lc  SEGGER_RTT.o [1]
_WriteNoCheck           0x00028e9f   0x3a  Code  Lc  SEGGER_RTT.o [1]
__ICFEDIT_region_RAM_end__ {Abs}
                        0x2000ffff         Data  Gb  command line/config [2]
__ICFEDIT_region_RAM_start__ {Abs}
                        0x20002a68         Data  Gb  command line/config [2]
__Vectors               0x00023000          --   Gb  iar_startup_nrf52.o [1]
__Vectors_End           0x00023200         Data  Gb  iar_startup_nrf52.o [1]
__Vectors_Size {Abs}    0x00000200          --   Gb  iar_startup_nrf52.o [1]
__aeabi_ldiv0           0x00028d91         Code  Gb  I64DivZer.o [5]
__aeabi_memclr          0x000285b5         Code  Gb  ABImemclr.o [5]
__aeabi_memclr4         0x00027579         Code  Gb  ABImemclr4.o [5]
__aeabi_memset4         0x00025fa5         Code  Gb  ABImemset48.o [5]
__aeabi_memset8         0x00025fa5         Code  Gb  ABImemset48.o [5]
__aeabi_uldivmod        0x00028211         Code  Gb  I64DivMod.o [5]
__cmain                 0x0002a2c5         Code  Gb  cmain.o [5]
__exit                  0x0002a2f1         Code  Gb  XXexit.o [5]
__iar_Memset4_word      0x00025fad         Code  Gb  ABImemset48.o [5]
__iar_Memset8_word      0x00025fad         Code  Gb  ABImemset48.o [5]
__iar_Memset_word       0x00028d95         Code  Gb  ABImemset.o [5]
__iar_data_init3        0x0002a1d1   0x28  Code  Gb  data_init.o [5]
__iar_init_vfp          0x0002a21d         Code  Gb  fpinit_M.o [4]
__iar_packbits_init_single3
                        0x0002a16d   0x38  Code  Gb  packbits_init_single.o [5]
__iar_program_start     0x0002a365         Code  Gb  cstartup_M.o [5]
__iar_unaligned___aeabi_memcpy
                        0x0002482d         Code  Gb  ABImemcpy_unaligned.o [5]
__iar_unaligned___aeabi_memcpy4
                        0x0002484d         Code  Gb  ABImemcpy_unaligned.o [5]
__iar_unaligned___aeabi_memcpy8
                        0x0002484d         Code  Gb  ABImemcpy_unaligned.o [5]
__iar_zero_init3        0x0002a0f5   0x40  Code  Gb  zero_init3.o [5]
__sd_nvic_app_accessible_irq
                        0x00023ded   0x26  Code  Lc  nrf_sdh.o [1]
__sd_nvic_is_app_accessible_priority
                        0x00023e13   0x16  Code  Lc  nrf_sdh.o [1]
__vector_table          0x00023000         Data  Gb  iar_startup_nrf52.o [1]
_acDownBuffer           0x20003f98   0x10  Data  Lc  SEGGER_RTT.o [1]
_acUpBuffer             0x20003d98  0x200  Data  Lc  SEGGER_RTT.o [1]
_call_main              0x0002a2d1         Code  Gb  cmain.o [5]
_exit                   0x0002a2e5         Code  Gb  cexit.o [5]
_main                   0x0002a2db         Code  Gb  cmain.o [5]
acquire_shared_resource
                        0x00023a55   0x34  Code  Lc  nrf_drv_common.o [1]
adc_drdy_evt_cb         0x200047bc    0x4  Data  Gb  drv_mmed_adc.o [1]
advertising_buttons_configure
                        0x00026721   0x2e  Code  Lc  bsp_btn_ble.o [1]
alert_timer_handler     0x00026a6f    0x6  Code  Lc  bsp.o [1]
app_button_enable       0x0002841b   0x20  Code  Gb  app_button.o [1]
app_button_init         0x000283b5   0x66  Code  Gb  app_button.o [1]
app_buttons             0x00026b78    0x8  Data  Lc  bsp.o [1]
app_error_fault_handler
                        0x000240bd   0x68  Code  Wk  app_error_weak.o [1]
app_error_handler_bare  0x00024099   0x14  Code  Gb  app_error.o [1]
app_fifo_get            0x00028d79   0x16  Code  Gb  app_fifo.o [1]
app_fifo_init           0x00028d3b   0x24  Code  Gb  app_fifo.o [1]
app_fifo_put            0x00028d5f   0x1a  Code  Gb  app_fifo.o [1]
app_sched_event_put     0x00025561   0x86  Code  Gb  app_scheduler.o [1]
app_sched_execute       0x000255e7   0x30  Code  Gb  app_scheduler.o [1]
app_sched_init          0x00025539   0x28  Code  Gb  app_scheduler.o [1]
app_timer_create        0x0002541d   0x26  Code  Gb  app_timer.o [1]
app_timer_init          0x000253d9   0x44  Code  Gb  app_timer.o [1]
app_timer_start         0x00025443   0x7e  Code  Gb  app_timer.o [1]
app_timer_stop          0x000254c1   0x1c  Code  Gb  app_timer.o [1]
app_uart_get            0x0002809b   0x24  Code  Gb  app_uart_fifo.o [1]
app_uart_init           0x00027fef   0xac  Code  Gb  app_uart_fifo.o [1]
app_uart_inst           0x20002a84    0x8  Data  Lc  app_uart_fifo.o [1]
app_uart_put            0x000280cd   0x2c  Code  Gb  app_uart_fifo.o [1]
app_util_critical_region_enter
                        0x00023b05   0x36  Code  Gb  app_util_platform.o [1]
app_util_critical_region_exit
                        0x00023b3b   0x22  Code  Gb  app_util_platform.o [1]
apply_config            0x0002329f   0xb4  Code  Lc  nrf_drv_uart.o [1]
ble_advdata_encode      0x00025965  0x144  Code  Gb  ble_advdata.o [1]
ble_advdata_set         0x00025acd   0x62  Code  Gb  ble_advdata.o [1]
ble_advertising_conn_cfg_tag_set
                        0x00027581    0x6  Code  Gb  ble_advertising.o [1]
ble_advertising_init    0x00027587  0x136  Code  Gb  ble_advertising.o [1]
ble_advertising_on_ble_evt
                        0x00027871   0x68  Code  Gb  ble_advertising.o [1]
ble_advertising_on_sys_evt
                        0x000278d9   0x2e  Code  Gb  ble_advertising.o [1]
ble_advertising_restart_without_whitelist
                        0x00027907   0x3a  Code  Gb  ble_advertising.o [1]
ble_advertising_start   0x000276bd  0x1a2  Code  Gb  ble_advertising.o [1]
ble_conn_params_init    0x00027a0b   0x54  Code  Gb  ble_conn_params.o [1]
ble_device_addr_encode  0x00025627   0x5a  Code  Lc  ble_advdata.o [1]
ble_evt_handler         0x00027a9d   0xe6  Code  Lc  ble_conn_params.o [1]
ble_evt_handler         0x00029e31   0xe4  Code  Lc  ble_conn_state.o [1]
ble_evt_handler         0x0002676f   0x68  Code  Lc  bsp_btn_ble.o [1]
ble_evt_handler         0x00026065   0xee  Code  Lc  main.o [1]
ble_nus_init            0x000274fb   0x5c  Code  Gb  ble_nus.o [1]
ble_nus_on_ble_evt      0x00027473   0x88  Code  Gb  ble_nus.o [1]
ble_srv_is_notification_enabled
                        0x000285a7    0x8  Code  Gb  ble_srv_common.o [1]
ble_stack_init::m_ble_observer
                        0x0002a3c8    0x8  Data  Lc  main.o [1]
bsp_board_button_idx_to_pin
                        0x00028201    0x8  Code  Gb  boards.o [1]
bsp_board_button_state_get
                        0x000281d5    0xc  Code  Gb  boards.o [1]
bsp_board_led_invert    0x0002818f   0x1c  Code  Gb  boards.o [1]
bsp_board_led_off       0x0002817d    0xa  Code  Gb  boards.o [1]
bsp_board_led_on        0x00028173    0xa  Code  Gb  boards.o [1]
bsp_board_led_state_get
                        0x0002816b    0x8  Code  Gb  boards.o [1]
bsp_board_leds_init     0x000281b9   0x1c  Code  Gb  boards.o [1]
bsp_board_leds_off      0x00028187    0x4  Code  Gb  boards.o [1]
bsp_board_leds_on       0x0002818b    0x4  Code  Gb  boards.o [1]
bsp_board_pin_to_button_idx
                        0x000281f3    0xe  Code  Gb  boards.o [1]
bsp_btn_ble_init        0x000267e9   0x30  Code  Gb  bsp_btn_ble.o [1]
bsp_btn_ble_sleep_mode_prepare
                        0x0002674f   0x20  Code  Gb  bsp_btn_ble.o [1]
bsp_button_event_handler
                        0x00026843   0x5e  Code  Lc  bsp.o [1]
bsp_button_event_handler::current_long_push_pin_no
                        0x200044fb    0x1  Data  Lc  bsp.o [1]
bsp_button_event_handler::release_event_at_push
                        0x200044fc    0x1  Data  Lc  bsp.o [1]
bsp_button_is_pressed   0x0002683f    0x4  Code  Gb  bsp.o [1]
bsp_event_handler       0x000262e5   0x3e  Code  Gb  main.o [1]
bsp_event_to_button_action_assign
                        0x00026b07   0x2c  Code  Gb  bsp.o [1]
bsp_indication_set      0x00026a75   0x14  Code  Gb  bsp.o [1]
bsp_init                0x00026a89   0x7e  Code  Gb  bsp.o [1]
bsp_led_indication      0x000268b9  0x194  Code  Lc  bsp.o [1]
bsp_wakeup_button_enable
                        0x00026b59    0xa  Code  Gb  bsp.o [1]
buf_prealloc            0x000242db   0x5a  Code  Lc  nrf_log_frontend.o [1]
buffer_add              0x000292f1   0x1c  Code  Lc  nrf_fprintf_format.o [1]
buffer_is_empty         0x000243b9   0x10  Code  Gb  nrf_log_frontend.o [1]
button_timer_handler    0x000268a1    0x6  Code  Lc  bsp.o [1]
channel_free            0x00025c43   0x18  Code  Lc  nrf_drv_gpiote.o [1]
channel_port_alloc      0x00025c05   0x3e  Code  Lc  nrf_drv_gpiote.o [1]
clock_clk_started_notify
                        0x00023c11   0x24  Code  Lc  nrf_drv_clock.o [1]
compare_reg_update      0x000251b3   0x8a  Code  Lc  app_timer.o [1]
conn_int_encode         0x000257f5   0x7e  Code  Lc  ble_advdata.o [1]
conn_params_error_handler
                        0x00026029    0x4  Code  Lc  main.o [1]
conn_params_negotiation
                        0x00027a5f   0x3e  Code  Lc  ble_conn_params.o [1]
detection_delay_timeout_handler
                        0x00028301   0x64  Code  Lc  app_button.o [1]
drdy_evt_cb             0x20004860    0x4  Data  Gb  drv_mmed.o [1]
drdy_evt_handler        0x00027bbb   0x20  Code  Lc  drv_mmed.o [1]
drv_mmed_adc_init       0x00027e77   0xd6  Code  Gb  drv_mmed_adc.o [1]
drv_mmed_adc_read       0x00027b9f    0xa  Code  Gb  drv_mmed.o [1]
drv_mmed_init           0x00027bdb   0x3e  Code  Gb  drv_mmed.o [1]
drv_mmed_wrcmd          0x00027c25   0x52  Code  Gb  drv_mmed.o [1]
drv_mmed_wrreg          0x00027b91    0xe  Code  Gb  drv_mmed.o [1]
err_codeD               0x20004884    0x4  Data  Gb  m_mmed_local.o [1]
event_send              0x00029c2d   0x4c  Code  Lc  nrf_fstorage_sd.o [1]
exit                    0x0002a2df    0x4  Code  Gb  exit.o [3]
fifo_get                0x00028d27   0x14  Code  Lc  app_fifo.o [1]
fifo_peek               0x00028d15   0x12  Code  Lc  app_fifo.o [1]
fifo_put                0x00028d01   0x14  Code  Lc  app_fifo.o [1]
fs_data$$Base           0x00000000          --   Gb  - Linker created -
fs_data$$Limit          0x00000000          --   Gb  - Linker created -
gatt_evt_handler        0x0002615f   0x30  Code  Gb  main.o [1]
gatt_init               0x0002618f   0x28  Code  Gb  main.o [1]
gpiote_event_handler    0x00028365   0x50  Code  Lc  app_button.o [1]
instance_get            0x00027941   0x10  Code  Lc  ble_conn_params.o [1]
int_print               0x000293a7   0x9a  Code  Lc  nrf_fprintf_format.o [1]
interrupts_enable       0x0002336d   0x54  Code  Lc  nrf_drv_uart.o [1]
irq_handler             0x00028c9d   0x44  Code  Lc  nrf_drv_timer.o [1]
irq_handler_for_instance_0
                        0x00024eed    0x6  Code  Lc  nrf_drv_twi.o [1]
irq_handler_twi         0x00024e43   0xaa  Code  Lc  nrf_drv_twi.o [1]
is_allocated_channel    0x0002875b   0x14  Code  Lc  nrf_drv_ppi.o [1]
is_app_channel          0x00028749   0x12  Code  Lc  nrf_drv_ppi.o [1]
is_conn_params_ok       0x00027951   0x4c  Code  Lc  ble_conn_params.o [1]
is_programmable_app_channel
                        0x00028735   0x14  Code  Lc  nrf_drv_ppi.o [1]
isalpha                 0x000292c9   0x14  Code  Gb  isxxx.o [3]
ispunct                 0x000292dd   0x14  Code  Gb  isxxx.o [3]
leds_off                0x000268a7   0x12  Code  Lc  bsp.o [1]
leds_timer_handler      0x00026a5f   0x10  Code  Lc  bsp.o [1]
lfclk_stop              0x00023b8f   0x16  Code  Lc  nrf_drv_clock.o [1]
link_init               0x00026b81   0x18  Code  Lc  nrf_ble_gatt.o [1]
list_insertions_handler
                        0x00025047  0x168  Code  Lc  app_timer.o [1]
local_utx_evt_sceduled  0x0002642f   0x20  Code  Lc  m_mmed_local.o [1]
log_const_data$$Base    0x00029fc0          --   Gb  - Linker created -
log_const_data$$Limit   0x0002a050          --   Gb  - Linker created -
log_dynamic_data$$Base  0x20002c54          --   Gb  - Linker created -
log_dynamic_data$$Limit
                        0x20002d2c          --   Gb  - Linker created -
log_skip                0x00024209   0x94  Code  Lc  nrf_log_frontend.o [1]
m_adv_uuids             0x20002b94    0x4  Data  Lc  main.o [1]
m_advertising           0x20002abc   0xd8  Data  Lc  main.o [1]
m_advertising_ble_obs   0x0002a284    0x8  Data  Lc  main.o [1]
m_advertising_soc_obs   0x0002a3d8    0x8  Data  Lc  main.o [1]
m_alert_on              0x200044fa    0x1  Data  Lc  bsp.o [1]
m_alert_timer_id        0x00026b70    0x4  Data  Lc  bsp.o [1]
m_alert_timer_id_data   0x20004528   0x20  Data  Lc  bsp.o [1]
m_bcs                   0x20004384   0xb8  Data  Lc  ble_conn_state.o [1]
m_ble_evt_observer      0x0002a3b8    0x8  Data  Lc  ble_conn_state.o [1]
m_ble_nus_init          0x000261b7  0x128  Code  Gb  main.o [1]
m_ble_observer          0x0002a26c    0x8  Data  Lc  ble_conn_params.o [1]
m_ble_observer          0x0002a274    0x8  Data  Lc  bsp_btn_ble.o [1]
m_board_btn_list        0x0002820c    0x1  Data  Lc  boards.o [1]
m_board_led_list        0x00028208    0x1  Data  Lc  boards.o [1]
m_buffer_pool           0x200047c0   0x14  Data  Lc  drv_mmed_adc.o [1]
m_button_count          0x200046bc    0x1  Data  Lc  app_button.o [1]
m_button_timer_id       0x00026b74    0x4  Data  Lc  bsp.o [1]
m_button_timer_id_data  0x20004548   0x20  Data  Lc  bsp.o [1]
m_cb                    0x20004568   0x58  Data  Lc  nrf_drv_gpiote.o [1]
m_cb                    0x20004724   0x30  Data  Lc  nrf_drv_saadc.o [1]
m_cb                    0x200047d4   0x18  Data  Lc  nrf_drv_timer.o [1]
m_cb                    0x20004754   0x28  Data  Lc  nrf_drv_twi.o [1]
m_cb                    0x2000477c   0x20  Data  Lc  nrf_drv_uart.o [1]
m_channels_allocated    0x20004870    0x4  Data  Lc  nrf_drv_ppi.o [1]
m_clock_cb              0x20004814   0x14  Data  Lc  nrf_drv_clock.o [1]
m_colors                0x20002bb8   0x24  Data  Lc  nrf_log_str_formatter.o [1]
m_comp_lpcomp           0x20004840    0x8  Data  Lc  nrf_drv_common.o [1]
m_conn_handle           0x20002a9c    0x2  Data  Lc  main.o [1]
m_conn_params_config    0x2000479c   0x1c  Data  Lc  ble_conn_params.o [1]
m_conn_params_instances
                        0x20004688   0x14  Data  Lc  ble_conn_params.o [1]
m_default_config        0x00028b98    0x4  Data  Lc  nrf_drv_saadc.o [1]
m_detection_delay       0x200046c4    0x4  Data  Lc  app_button.o [1]
m_detection_delay_timer_id
                        0x00028448    0x4  Data  Lc  app_button.o [1]
m_detection_delay_timer_id_data
                        0x200046d0   0x20  Data  Lc  app_button.o [1]
m_drv_power_config_default
                        0x00023de8    0x4  Data  Lc  nrf_drv_power.o [1]
m_drv_state             0x2000486c    0x1  Data  Lc  nrf_drv_ppi.o [1]
m_error_handler         0x20004854    0x4  Data  Lc  bsp_btn_ble.o [1]
m_event_handler         0x20002a7c    0x4  Data  Lc  app_uart_fifo.o [1]
m_events_list           0x200044f4    0x4  Data  Lc  bsp.o [1]
m_fifo_data             0x20004454   0x8c  Data  Lc  nrf_fstorage_sd.o [1]
m_fifo_inst             0x200044e0   0x10  Data  Lc  nrf_fstorage_sd.o [1]
m_flags                 0x2000443c   0x14  Data  Lc  nrf_fstorage_sd.o [1]
m_gatt                  0x20004800   0x14  Data  Lc  main.o [1]
m_gatt_obs              0x0002a27c    0x8  Data  Lc  main.o [1]
m_groups_allocated      0x2000486d    0x1  Data  Lc  nrf_drv_ppi.o [1]
m_handlers_iter         0x200046f4    0xc  Data  Lc  nrf_pwr_mgmt.o [1]
m_iget_ctx              0x200044f0    0x4  Data  Lc  nrf_fstorage_sd.o [1]
m_indication_type       0x20004500    0x4  Data  Lc  bsp.o [1]
m_initialized           0x2000488d    0x1  Data  Lc  nrf_drv_power.o [1]
m_irq_handlers          0x00024f0c    0x4  Data  Lc  nrf_drv_twi.o [1]
m_leds_clear            0x200044f9    0x1  Data  Lc  bsp.o [1]
m_leds_timer_id         0x00026b6c    0x4  Data  Lc  bsp.o [1]
m_leds_timer_id_data    0x20004508   0x20  Data  Lc  bsp.o [1]
m_local_uart_init{2}{3}::rx_buf
                        0x20003fb8  0x100  Data  Lc  m_mmed_local.o [1]
m_local_uart_init{2}{3}::tx_buf
                        0x200040b8  0x100  Data  Lc  m_mmed_local.o [1]
m_local_uart_send_bytes
                        0x00026475   0x36  Code  Gb  m_mmed_local.o [1]
m_log_data              0x20003530  0x420  Data  Lc  nrf_log_frontend.o [1]
m_mmed_local_hanlder    0x00026619   0x5a  Code  Gb  m_mmed_local.o [1]
m_mmed_local_init       0x000265cd   0x4c  Code  Gb  m_mmed_local.o [1]
m_nrf_log_app_logs_data_const
                        0x0002a028    0x8  Data  Gb  nrf_log_frontend.o [1]
m_nrf_log_app_logs_data_dynamic
                        0x20002cf0    0xc  Data  Gb  nrf_log_frontend.o [1]
m_nrf_log_balloc_logs_data_const
                        0x00029fc0    0x8  Data  Gb  nrf_balloc.o [1]
m_nrf_log_balloc_logs_data_dynamic
                        0x20002c54    0xc  Data  Gb  nrf_balloc.o [1]
m_nrf_log_ble_gatt_logs_data_const
                        0x00029fc8    0x8  Data  Gb  nrf_ble_gatt.o [1]
m_nrf_log_ble_gatt_logs_data_dynamic
                        0x20002c60    0xc  Data  Gb  nrf_ble_gatt.o [1]
m_nrf_log_clock_logs_data_const
                        0x00029fd0    0x8  Data  Gb  nrf_drv_clock.o [1]
m_nrf_log_clock_logs_data_dynamic
                        0x20002c6c    0xc  Data  Gb  nrf_drv_clock.o [1]
m_nrf_log_common_logs_data_const
                        0x00029fd8    0x8  Data  Gb  nrf_drv_common.o [1]
m_nrf_log_common_logs_data_dynamic
                        0x20002c78    0xc  Data  Gb  nrf_drv_common.o [1]
m_nrf_log_comp_logs_data_const
                        0x00029fe0    0x8  Data  Gb  nrf_drv_comp.o [1]
m_nrf_log_comp_logs_data_dynamic
                        0x20002c84    0xc  Data  Gb  nrf_drv_comp.o [1]
m_nrf_log_gpiote_logs_data_const
                        0x00029fe8    0x8  Data  Gb  nrf_drv_gpiote.o [1]
m_nrf_log_gpiote_logs_data_dynamic
                        0x20002c90    0xc  Data  Gb  nrf_drv_gpiote.o [1]
m_nrf_log_lpcomp_logs_data_const
                        0x00029ff0    0x8  Data  Gb  nrf_drv_lpcomp.o [1]
m_nrf_log_lpcomp_logs_data_dynamic
                        0x20002c9c    0xc  Data  Gb  nrf_drv_lpcomp.o [1]
m_nrf_log_nrf_sdh_ble_logs_data_const
                        0x0002a040    0x8  Data  Gb  nrf_sdh_ble.o [1]
m_nrf_log_nrf_sdh_ble_logs_data_dynamic
                        0x20002d14    0xc  Data  Gb  nrf_sdh_ble.o [1]
m_nrf_log_nrf_sdh_logs_data_const
                        0x0002a038    0x8  Data  Gb  nrf_sdh.o [1]
m_nrf_log_nrf_sdh_logs_data_dynamic
                        0x20002d08    0xc  Data  Gb  nrf_sdh.o [1]
m_nrf_log_nrf_sdh_soc_logs_data_const
                        0x0002a048    0x8  Data  Gb  nrf_sdh_soc.o [1]
m_nrf_log_nrf_sdh_soc_logs_data_dynamic
                        0x20002d20    0xc  Data  Gb  nrf_sdh_soc.o [1]
m_nrf_log_ppi_logs_data_const
                        0x00029ff8    0x8  Data  Gb  nrf_drv_ppi.o [1]
m_nrf_log_ppi_logs_data_dynamic
                        0x20002ca8    0xc  Data  Gb  nrf_drv_ppi.o [1]
m_nrf_log_pwr_mgmt_logs_data_const
                        0x0002a030    0x8  Data  Gb  nrf_pwr_mgmt.o [1]
m_nrf_log_pwr_mgmt_logs_data_dynamic
                        0x20002cfc    0xc  Data  Gb  nrf_pwr_mgmt.o [1]
m_nrf_log_saadc_logs_data_const
                        0x0002a000    0x8  Data  Gb  nrf_drv_saadc.o [1]
m_nrf_log_saadc_logs_data_dynamic
                        0x20002cb4    0xc  Data  Gb  nrf_drv_saadc.o [1]
m_nrf_log_spi_logs_data_const
                        0x0002a008    0x8  Data  Gb  nrf_drv_spi.o [1]
m_nrf_log_spi_logs_data_dynamic
                        0x20002cc0    0xc  Data  Gb  nrf_drv_spi.o [1]
m_nrf_log_timer_logs_data_const
                        0x0002a010    0x8  Data  Gb  nrf_drv_timer.o [1]
m_nrf_log_timer_logs_data_dynamic
                        0x20002ccc    0xc  Data  Gb  nrf_drv_timer.o [1]
m_nrf_log_twi_logs_data_const
                        0x0002a018    0x8  Data  Gb  nrf_drv_twi.o [1]
m_nrf_log_twi_logs_data_dynamic
                        0x20002cd8    0xc  Data  Gb  nrf_drv_twi.o [1]
m_nrf_log_uart_logs_data_const
                        0x0002a020    0x8  Data  Gb  nrf_drv_uart.o [1]
m_nrf_log_uart_logs_data_dynamic
                        0x20002ce4    0xc  Data  Gb  nrf_drv_uart.o [1]
m_nrf_sdh_ble_evts_poll
                        0x0002a33c    0x8  Data  Lc  nrf_sdh_ble.o [1]
m_nrf_sdh_continue      0x2000488a    0x1  Data  Lc  nrf_sdh.o [1]
m_nrf_sdh_enabled       0x20004888    0x1  Data  Lc  nrf_sdh.o [1]
m_nrf_sdh_soc_evts_poll
                        0x0002a344    0x8  Data  Lc  nrf_sdh_soc.o [1]
m_nrf_sdh_suspended     0x20004889    0x1  Data  Lc  nrf_sdh.o [1]
m_num_connections       0x20004858    0x4  Data  Lc  bsp_btn_ble.o [1]
m_nus                   0x20002aa0   0x1c  Data  Lc  main.o [1]
m_nus_obs               0x0002a3c0    0x8  Data  Lc  main.o [1]
m_op_queue              0x200041b8  0x10c  Data  Lc  app_timer.o [1]
m_p_cur_op              0x20004450    0x4  Data  Lc  nrf_fstorage_sd.o [1]
m_pin_state             0x200046c8    0x4  Data  Lc  app_button.o [1]
m_pin_transition        0x200046cc    0x4  Data  Lc  app_button.o [1]
m_pofwarn_handler       0x20004864    0x4  Data  Lc  nrf_drv_power.o [1]
m_ppi_channel           0x200047b8    0x1  Data  Lc  drv_mmed_adc.o [1]
m_preferred_conn_params
                        0x20004680    0x8  Data  Lc  ble_conn_params.o [1]
m_pwr_mgmt_evt          0x200046f0    0x1  Data  Lc  nrf_pwr_mgmt.o [1]
m_pwr_mgmt_timer        0x00027e08    0x4  Data  Lc  nrf_pwr_mgmt.o [1]
m_pwr_mgmt_timer_data   0x20004704   0x20  Data  Lc  nrf_pwr_mgmt.o [1]
m_queue_end_index       0x20004829    0x1  Data  Lc  app_scheduler.o [1]
m_queue_event_data      0x20004834    0x4  Data  Lc  app_scheduler.o [1]
m_queue_event_headers   0x20004830    0x4  Data  Lc  app_scheduler.o [1]
m_queue_event_size      0x2000482a    0x2  Data  Lc  app_scheduler.o [1]
m_queue_size            0x2000482c    0x2  Data  Lc  app_scheduler.o [1]
m_queue_start_index     0x20004828    0x1  Data  Lc  app_scheduler.o [1]
m_registered_callback   0x20004504    0x4  Data  Lc  bsp.o [1]
m_req_obs               0x0002a3d0    0x8  Data  Gb  nrf_fstorage_sd.o [1]
m_rtc1_reset            0x200047ef    0x1  Data  Lc  app_timer.o [1]
m_rtc1_running          0x200047ee    0x1  Data  Lc  app_timer.o [1]
m_rx_fifo               0x20002a6c   0x10  Data  Lc  app_uart_fifo.o [1]
m_rx_ovf                0x20002a68    0x1  Data  Lc  app_uart_fifo.o [1]
m_sd_observer           0x0002a31c    0x8  Data  Lc  nrf_drv_power.o [1]
m_sd_state_observer     0x0002a314    0x8  Data  Lc  nrf_drv_clock.o [1]
m_serial_box_0          0x20004838    0x8  Data  Lc  nrf_drv_common.o [1]
m_shutdown_started      0x200046f1    0x1  Data  Lc  nrf_pwr_mgmt.o [1]
m_sleepevt_handler      0x20004868    0x4  Data  Lc  nrf_drv_power.o [1]
m_soc_evt_observer      0x0002a2fc    0x8  Data  Lc  nrf_drv_clock.o [1]
m_soc_observer          0x0002a304    0x8  Data  Lc  nrf_drv_power.o [1]
m_stable_state          0x200044f8    0x1  Data  Lc  bsp.o [1]
m_standby_counter       0x200046f2    0x2  Data  Lc  nrf_pwr_mgmt.o [1]
m_state_obs             0x0002a324    0x8  Data  Lc  nrf_fstorage_sd.o [1]
m_string_buff           0x20004640   0x40  Data  Lc  nrf_log_backend_rtt.o [1]
m_sys_obs               0x0002a30c    0x8  Data  Lc  nrf_fstorage_sd.o [1]
m_sysoff_mtx            0x20004700    0x4  Data  Lc  nrf_pwr_mgmt.o [1]
m_ticks_elapsed         0x200047f8    0x8  Data  Lc  app_timer.o [1]
m_ticks_elapsed_q_read_ind
                        0x200047ec    0x1  Data  Lc  app_timer.o [1]
m_ticks_elapsed_q_write_ind
                        0x200047ed    0x1  Data  Lc  app_timer.o [1]
m_ticks_latest          0x200047f4    0x4  Data  Lc  app_timer.o [1]
m_timer                 0x00027f58    0x8  Data  Lc  drv_mmed_adc.o [1]
m_timer_data            0x2000469c   0x20  Data  Lc  ble_conn_params.o [1]
m_tx_fifo               0x20002a8c   0x10  Data  Lc  app_uart_fifo.o [1]
m_unknown_str           0x00028498   0x14  Data  Lc  nrf_strerror.o [1]
main                    0x00026329   0x8e  Code  Gb  main.o [1]
main{2}{3}::APP_SCHED_BUF
                        0x20003950  0x3d0  Data  Lc  main.o [1]
manuf_specific_data_encode
                        0x00025873   0x66  Code  Lc  ble_advdata.o [1]
memobj_op               0x00024711   0x62  Code  Lc  nrf_memobj.o [1]
mempool                 0x00024620   0x14  Data  Lc  nrf_log_frontend.o [1]
mempool_nrf_balloc_cb   0x2000487c    0x8  Data  Lc  nrf_log_frontend.o [1]
mempool_nrf_balloc_pool_mem
                        0x200042c4   0xc0  Data  Lc  nrf_log_frontend.o [1]
mempool_nrf_balloc_pool_stack
                        0x20004874    0x8  Data  Lc  nrf_log_frontend.o [1]
mmed_drdy_evt_sceduled  0x00027ba9   0x12  Code  Gb  drv_mmed.o [1]
mmed_rxdata             0x2000485c    0x4  Data  Lc  drv_mmed.o [1]
mmed_twi                0x000286d4    0x8  Data  Lc  drv_mmed_twi.o [1]
mmed_twi_buf            0x2000488c    0x1  Data  Lc  drv_mmed_twi.o [1]
mmed_twi_handler        0x00028611    0xc  Code  Gb  drv_mmed_twi.o [1]
mmed_twi_init           0x0002861d   0x2c  Code  Gb  drv_mmed_twi.o [1]
mmed_twi_read           0x00028677   0x56  Code  Gb  drv_mmed_twi.o [1]
mmed_twi_write          0x00028649   0x2e  Code  Gb  drv_mmed_twi.o [1]
mmed_twi_xfer_done      0x2000488b    0x1  Data  Lc  drv_mmed_twi.o [1]
module_idx_get          0x00024187   0x38  Code  Lc  nrf_log_frontend.o [1]
mp_buttons              0x200046c0    0x4  Data  Lc  app_button.o [1]
mp_timer_id_head        0x200047f0    0x4  Data  Lc  app_timer.o [1]
name_encode             0x00025681   0xa0  Code  Lc  ble_advdata.o [1]
next_index              0x00025529   0x10  Code  Lc  app_scheduler.o [1]
nrf_atfifo_item_free    0x00029e11   0x20  Code  Gb  nrf_atfifo.o [1]
nrf_atfifo_item_get     0x00029db9   0x44  Code  Gb  nrf_atfifo.o [1]
nrf_atomic_flag_set     0x00024125   0x1a  Code  Lc  nrf_log_frontend.o [1]
nrf_balloc_alloc        0x000247b7   0x44  Code  Gb  nrf_balloc.o [1]
nrf_balloc_free         0x000247fb   0x30  Code  Gb  nrf_balloc.o [1]
nrf_balloc_init         0x00024789   0x2e  Code  Gb  nrf_balloc.o [1]
nrf_bitmask_bit_is_set  0x00025bbf   0x10  Code  Lc  nrf_drv_gpiote.o [1]
nrf_ble_gatt_att_mtu_periph_set
                        0x00026c51   0x16  Code  Gb  nrf_ble_gatt.o [1]
nrf_ble_gatt_init       0x00026c33   0x1e  Code  Gb  nrf_ble_gatt.o [1]
nrf_ble_gatt_on_ble_evt
                        0x00026c67  0x152  Code  Gb  nrf_ble_gatt.o [1]
nrf_clock_event_check   0x00023b81    0xe  Code  Lc  nrf_drv_clock.o [1]
nrf_clock_event_clear   0x00023b6d   0x14  Code  Lc  nrf_drv_clock.o [1]
nrf_delay_us            0x00024f6d   0x88  Code  Lc  app_timer.o [1]
nrf_delay_us            0x000248c1   0x88  Code  Lc  nrf_drv_twi.o [1]
nrf_drv_clock_init      0x00023ba5   0x3a  Code  Gb  nrf_drv_clock.o [1]
nrf_drv_clock_lfclk_release
                        0x00023bdf   0x18  Code  Gb  nrf_drv_clock.o [1]
nrf_drv_clock_onIRQ     0x00023c35   0x46  Code  Gb  nrf_drv_clock.o [1]
nrf_drv_common_irq_enable
                        0x00023ab3   0x34  Code  Gb  nrf_drv_common.o [1]
nrf_drv_common_per_res_acquire
                        0x00023a89   0x1c  Code  Gb  nrf_drv_common.o [1]
nrf_drv_gpiote_in_event_disable
                        0x00025dd1   0x3e  Code  Gb  nrf_drv_gpiote.o [1]
nrf_drv_gpiote_in_event_enable
                        0x00025d51   0x80  Code  Gb  nrf_drv_gpiote.o [1]
nrf_drv_gpiote_in_init  0x00025cb7   0x9a  Code  Gb  nrf_drv_gpiote.o [1]
nrf_drv_gpiote_in_is_set
                        0x00025e0f    0xc  Code  Gb  nrf_drv_gpiote.o [1]
nrf_drv_gpiote_init     0x00025c5b   0x4e  Code  Gb  nrf_drv_gpiote.o [1]
nrf_drv_gpiote_is_init  0x00025ca9    0xe  Code  Gb  nrf_drv_gpiote.o [1]
nrf_drv_power_init      0x00023cfb   0x40  Code  Gb  nrf_drv_power.o [1]
nrf_drv_power_onIRQ     0x00023d3b   0x48  Code  Gb  nrf_drv_power.o [1]
nrf_drv_power_sdh_soc_evt_handler
                        0x00023d83    0xc  Code  Lc  nrf_drv_power.o [1]
nrf_drv_power_sdh_state_evt_handler
                        0x00023d8f   0x42  Code  Lc  nrf_drv_power.o [1]
nrf_drv_ppi_channel_alloc
                        0x00028781   0x42  Code  Gb  nrf_drv_ppi.o [1]
nrf_drv_ppi_channel_assign
                        0x000287c3   0x38  Code  Gb  nrf_drv_ppi.o [1]
nrf_drv_ppi_channel_disable
                        0x0002882d   0x2e  Code  Gb  nrf_drv_ppi.o [1]
nrf_drv_ppi_channel_enable
                        0x000287fb   0x2e  Code  Gb  nrf_drv_ppi.o [1]
nrf_drv_ppi_init        0x0002876f   0x12  Code  Gb  nrf_drv_ppi.o [1]
nrf_drv_saadc_buffer_convert
                        0x00028aef   0x8e  Code  Gb  nrf_drv_saadc.o [1]
nrf_drv_saadc_channel_init
                        0x00028a7b   0x56  Code  Gb  nrf_drv_saadc.o [1]
nrf_drv_saadc_init      0x00028a01   0x74  Code  Gb  nrf_drv_saadc.o [1]
nrf_drv_saadc_sample_task_get
                        0x00028adb    0xe  Code  Gb  nrf_drv_saadc.o [1]
nrf_drv_timer_compare   0x00028c55   0x22  Code  Gb  nrf_drv_timer.o [1]
nrf_drv_timer_compare_event_address_get
                        0x00027e0d    0xe  Code  Lc  drv_mmed_adc.o [1]
nrf_drv_timer_enable    0x00028c3f   0x16  Code  Gb  nrf_drv_timer.o [1]
nrf_drv_timer_extended_compare
                        0x00028c77   0x26  Code  Gb  nrf_drv_timer.o [1]
nrf_drv_timer_init      0x00028bad   0x86  Code  Gb  nrf_drv_timer.o [1]
nrf_drv_timer_ms_to_ticks
                        0x00027e1b   0x10  Code  Lc  drv_mmed_adc.o [1]
nrf_drv_twi_enable      0x00024a89   0x18  Code  Gb  nrf_drv_twi.o [1]
nrf_drv_twi_init        0x000249f1   0x98  Code  Gb  nrf_drv_twi.o [1]
nrf_drv_twi_rx          0x00024e19   0x16  Code  Gb  nrf_drv_twi.o [1]
nrf_drv_twi_tx          0x00024dfd   0x1c  Code  Gb  nrf_drv_twi.o [1]
nrf_drv_twi_xfer        0x00024dd9   0x24  Code  Gb  nrf_drv_twi.o [1]
nrf_drv_uart_init       0x000233d1   0x58  Code  Gb  nrf_drv_uart.o [1]
nrf_drv_uart_rx         0x00023709   0xa0  Code  Gb  nrf_drv_uart.o [1]
nrf_drv_uart_rx_enable  0x000237a9   0x2a  Code  Gb  nrf_drv_uart.o [1]
nrf_drv_uart_rx_for_uart
                        0x000235cb   0x9c  Code  Lc  nrf_drv_uart.o [1]
nrf_drv_uart_rx_for_uarte
                        0x00023667   0x9a  Code  Lc  nrf_drv_uart.o [1]
nrf_drv_uart_tx         0x000234a3   0xa4  Code  Gb  nrf_drv_uart.o [1]
nrf_drv_uart_tx_for_uarte
                        0x00023449   0x52  Code  Lc  nrf_drv_uart.o [1]
nrf_drv_uart_tx_in_progress
                        0x00023567   0x12  Code  Gb  nrf_drv_uart.o [1]
nrf_fprintf             0x000292a3   0x20  Code  Gb  nrf_fprintf.o [1]
nrf_fprintf_buffer_flush
                        0x0002928d   0x16  Code  Gb  nrf_fprintf.o [1]
nrf_fprintf_fmt         0x00029447  0x1a6  Code  Gb  nrf_fprintf_format.o [1]
nrf_fstorage_is_busy    0x000285bd   0x48  Code  Gb  nrf_fstorage.o [1]
nrf_fstorage_sdh_req_handler
                        0x00029d89   0x10  Code  Gb  nrf_fstorage_sd.o [1]
nrf_fstorage_sdh_state_handler
                        0x00029d99   0x1c  Code  Gb  nrf_fstorage_sd.o [1]
nrf_fstorage_sys_evt_handler
                        0x00029cfd   0x8c  Code  Gb  nrf_fstorage_sd.o [1]
nrf_gpio_cfg            0x0002813d   0x1c  Code  Lc  boards.o [1]
nrf_gpio_cfg            0x00025b5b   0x1e  Code  Lc  nrf_drv_gpiote.o [1]
nrf_gpio_cfg            0x00023255   0x18  Code  Lc  nrf_drv_uart.o [1]
nrf_gpio_cfg_input      0x0002327f    0xe  Code  Lc  nrf_drv_uart.o [1]
nrf_gpio_cfg_output     0x00023273    0xc  Code  Lc  nrf_drv_uart.o [1]
nrf_gpio_cfg_sense_set  0x0002681d   0x22  Code  Lc  bsp.o [1]
nrf_gpio_cfg_sense_set  0x00025b79   0x22  Code  Lc  nrf_drv_gpiote.o [1]
nrf_gpio_pin_write      0x00028159   0x12  Code  Lc  boards.o [1]
nrf_gpio_ports_read     0x00025b9b   0x24  Code  Lc  nrf_drv_gpiote.o [1]
nrf_gpiote_event_clear  0x00025b43   0x18  Code  Lc  nrf_drv_gpiote.o [1]
nrf_gpiote_event_is_set
                        0x00025b31   0x12  Code  Lc  nrf_drv_gpiote.o [1]
nrf_log_backend_add     0x0002459f   0x48  Code  Gb  nrf_log_frontend.o [1]
nrf_log_backend_rtt_api
                        0x0002a358    0xc  Data  Gb  nrf_log_backend_rtt.o [1]
nrf_log_backend_rtt_flush
                        0x00028731    0x2  Code  Lc  nrf_log_backend_rtt.o [1]
nrf_log_backend_rtt_init
                        0x000286ed    0x4  Code  Gb  nrf_log_backend_rtt.o [1]
nrf_log_backend_rtt_panic_set
                        0x00028733    0x2  Code  Lc  nrf_log_backend_rtt.o [1]
nrf_log_backend_rtt_put
                        0x00028717   0x10  Code  Lc  nrf_log_backend_rtt.o [1]
nrf_log_backend_serial_put
                        0x00028f71   0xcc  Code  Gb  nrf_log_backend_serial.o [1]
nrf_log_color_id_get    0x000241dd   0x2a  Code  Gb  nrf_log_frontend.o [1]
nrf_log_default_backends_init
                        0x00027c7d   0x1c  Code  Gb  nrf_log_default_backends.o [1]
nrf_log_frontend_dequeue
                        0x000243c9  0x1c0  Code  Gb  nrf_log_frontend.o [1]
nrf_log_frontend_std_0  0x00024391    0x6  Code  Gb  nrf_log_frontend.o [1]
nrf_log_frontend_std_1  0x00024397    0xe  Code  Gb  nrf_log_frontend.o [1]
nrf_log_frontend_std_2  0x000243a5    0xe  Code  Gb  nrf_log_frontend.o [1]
nrf_log_hexdump_entry_process
                        0x000291b5   0x9e  Code  Gb  nrf_log_str_formatter.o [1]
nrf_log_init            0x0002413f   0x48  Code  Gb  nrf_log_frontend.o [1]
nrf_log_module_name_get
                        0x000241bf   0x1a  Code  Gb  nrf_log_frontend.o [1]
nrf_log_panic           0x000245e7   0x20  Code  Gb  nrf_log_frontend.o [1]
nrf_log_std_entry_process
                        0x00029135   0x80  Code  Gb  nrf_log_str_formatter.o [1]
nrf_memobj_alloc        0x00024639   0x64  Code  Gb  nrf_memobj.o [1]
nrf_memobj_free         0x0002469d   0x2c  Code  Gb  nrf_memobj.o [1]
nrf_memobj_get          0x000246c9   0x1a  Code  Gb  nrf_memobj.o [1]
nrf_memobj_pool_init    0x00024635    0x4  Code  Gb  nrf_memobj.o [1]
nrf_memobj_put          0x000246e5   0x2c  Code  Gb  nrf_memobj.o [1]
nrf_memobj_read         0x0002477b    0x6  Code  Gb  nrf_memobj.o [1]
nrf_memobj_write        0x00024773    0x8  Code  Gb  nrf_memobj.o [1]
nrf_nvic_state          0x20004848    0xc  Data  Gb  app_util_platform.o [1]
nrf_power_event_get_and_clear
                        0x00023ce9   0x12  Code  Lc  nrf_drv_power.o [1]
nrf_pwr_mgmt_feed       0x00027d2f    0x8  Code  Gb  nrf_pwr_mgmt.o [1]
nrf_pwr_mgmt_init       0x00027cb3   0x3e  Code  Gb  nrf_pwr_mgmt.o [1]
nrf_pwr_mgmt_run        0x00027cf1   0x3e  Code  Gb  nrf_pwr_mgmt.o [1]
nrf_pwr_mgmt_shutdown   0x00027d99   0x46  Code  Gb  nrf_pwr_mgmt.o [1]
nrf_pwr_mgmt_timeout_handler
                        0x00027c99   0x1a  Code  Lc  nrf_pwr_mgmt.o [1]
nrf_saadc_channel_init  0x00029065   0x58  Code  Gb  nrf_saadc.o [1]
nrf_saadc_channel_input_set
                        0x000288af   0x10  Code  Lc  nrf_drv_saadc.o [1]
nrf_saadc_event_check   0x0002888d    0xe  Code  Lc  nrf_drv_saadc.o [1]
nrf_saadc_event_clear   0x0002889b   0x14  Code  Lc  nrf_drv_saadc.o [1]
nrf_sdh_ble_app_ram_start_get
                        0x00026f2d    0xe  Code  Gb  nrf_sdh_ble.o [1]
nrf_sdh_ble_default_cfg_set
                        0x00026f3b   0xf8  Code  Gb  nrf_sdh_ble.o [1]
nrf_sdh_ble_enable      0x00027051   0x58  Code  Gb  nrf_sdh_ble.o [1]
nrf_sdh_ble_evts_poll   0x000270bf   0x44  Code  Lc  nrf_sdh_ble.o [1]
nrf_sdh_disable_request
                        0x00023f91   0x34  Code  Gb  nrf_sdh.o [1]
nrf_sdh_enable_request  0x00023f2b   0x66  Code  Gb  nrf_sdh.o [1]
nrf_sdh_evts_poll       0x00024005   0x22  Code  Gb  nrf_sdh.o [1]
nrf_sdh_is_enabled      0x00023fdb    0x6  Code  Gb  nrf_sdh.o [1]
nrf_sdh_request_continue
                        0x00023fc5   0x16  Code  Gb  nrf_sdh.o [1]
nrf_sdh_soc_evts_poll   0x0002a0b1   0x36  Code  Lc  nrf_sdh_soc.o [1]
nrf_section_iter_init   0x00024073    0x4  Code  Gb  nrf_section_iter.o [1]
nrf_section_iter_item_set
                        0x00024051   0x22  Code  Lc  nrf_section_iter.o [1]
nrf_section_iter_next   0x0002407b   0x1c  Code  Gb  nrf_section_iter.o [1]
nrf_strerror_array      0x000284ac   0xf0  Data  Lc  nrf_strerror.o [1]
nrf_strerror_find       0x0002845f   0x38  Code  Gb  nrf_strerror.o [1]
nrf_strerror_get        0x00028451    0xe  Code  Gb  nrf_strerror.o [1]
nrf_timer_event_clear   0x00028b9d   0x10  Code  Lc  nrf_drv_timer.o [1]
nrf_twi_event_check     0x000248b5    0xa  Code  Lc  nrf_drv_twi.o [1]
nrf_twi_event_clear     0x000248a5   0x10  Code  Lc  nrf_drv_twi.o [1]
nrf_uart_event_check    0x00023203    0x2  Code  Lc  nrf_drv_uart.o [1]
nrf_uart_event_clear    0x00023201    0x2  Code  Lc  nrf_drv_uart.o [1]
nrf_uart_hwfc_pins_set  0x0002321d    0x2  Code  Lc  nrf_drv_uart.o [1]
nrf_uart_int_enable_check
                        0x00023205    0xe  Code  Lc  nrf_drv_uart.o [1]
nrf_uart_txrx_pins_set  0x00023213    0xa  Code  Lc  nrf_drv_uart.o [1]
nrf_uarte_event_check   0x00023231    0x2  Code  Lc  nrf_drv_uart.o [1]
nrf_uarte_event_clear   0x0002321f    0x2  Code  Lc  nrf_drv_uart.o [1]
nrf_uarte_hwfc_pins_set
                        0x00023247    0x2  Code  Lc  nrf_drv_uart.o [1]
nrf_uarte_txrx_pins_set
                        0x0002323d    0xa  Code  Lc  nrf_drv_uart.o [1]
nus_data_handler        0x00025fe1   0x30  Code  Lc  main.o [1]
offset                  0x20003fb4    0x2  Data  Gb  m_mmed_local.o [1]
on_adv_evt              0x00026049   0x1c  Code  Lc  main.o [1]
on_conn_params_evt      0x00026011   0x18  Code  Lc  main.o [1]
on_connected_evt        0x00026b99   0x8c  Code  Lc  nrf_ble_gatt.o [1]
pin_in_use_by_gpiote    0x00025bf5   0x10  Code  Lc  nrf_drv_gpiote.o [1]
pin_in_use_by_port      0x00025be1   0x14  Code  Lc  nrf_drv_gpiote.o [1]
pin_in_use_by_te        0x00025bcf   0x12  Code  Lc  nrf_drv_gpiote.o [1]
postfix_process         0x00029103   0x30  Code  Lc  nrf_log_str_formatter.o [1]
prefix_process          0x000290bd   0x46  Code  Lc  nrf_log_str_formatter.o [1]
pwr_mgmt_data           0x00027dfc    0xc  Data  Lc  nrf_pwr_mgmt.o [1]
pwr_mgmt_data0$$Base    0x00000000          --   Gb  - Linker created -
pwr_mgmt_data0$$Limit   0x00000000          --   Gb  - Linker created -
pwr_mgmt_data1$$Base    0x00000000          --   Gb  - Linker created -
pwr_mgmt_data1$$Limit   0x00000000          --   Gb  - Linker created -
pwr_mgmt_data2$$Base    0x00000000          --   Gb  - Linker created -
pwr_mgmt_data2$$Limit   0x00000000          --   Gb  - Linker created -
pwr_mgmt_data_array     0x0002a204   0x18  Data  Lc  nrf_pwr_mgmt.o [1]
queue_process           0x00029c79   0x82  Code  Lc  nrf_fstorage_sd.o [1]
rstate                  0x20003faf    0x1  Data  Gb  m_mmed_local.o [1]
rtc1_stop               0x00024ff5   0x3a  Code  Lc  app_timer.o [1]
rtt_log_backend         0x20002b98    0xc  Data  Lc  nrf_log_default_backends.o [1]
rx_buffer               0x20002a81    0x1  Data  Lc  app_uart_fifo.o [1]
rx_byte                 0x00023599   0x32  Code  Lc  nrf_drv_uart.o [1]
rx_char_add             0x000273e7   0x6e  Code  Lc  ble_nus.o [1]
rx_done_event           0x000237d3   0x1a  Code  Lc  nrf_drv_uart.o [1]
rx_enable               0x00023579   0x20  Code  Lc  nrf_drv_uart.o [1]
rxcmd_evt_sceduled      0x0002642d    0x2  Code  Lc  m_mmed_local.o [1]
saadc_callback          0x00027e51   0x26  Code  Lc  drv_mmed_adc.o [1]
saadc_sampling_event_enable
                        0x00027e2d   0x24  Code  Gb  drv_mmed_adc.o [1]
sampleCNT               0x20003fb2    0x1  Data  Lc  m_mmed_local.o [1]
scheduler_shutdown_handler
                        0x00027d37   0x62  Code  Lc  nrf_pwr_mgmt.o [1]
sd_nvic_SetPriority     0x00023e29   0x3c  Code  Lc  nrf_sdh.o [1]
sd_state_evt_handler    0x00023c85   0x44  Code  Lc  nrf_drv_clock.o [1]
sdh_ble_observers       0x00027348    0xc  Data  Lc  nrf_sdh_ble.o [1]
sdh_ble_observers0$$Base
                        0x0002a3b8          --   Gb  - Linker created -
sdh_ble_observers0$$Limit
                        0x0002a3c0          --   Gb  - Linker created -
sdh_ble_observers1$$Base
                        0x0002a26c          --   Gb  - Linker created -
sdh_ble_observers1$$Limit
                        0x0002a28c          --   Gb  - Linker created -
sdh_ble_observers2$$Base
                        0x0002a3c0          --   Gb  - Linker created -
sdh_ble_observers2$$Limit
                        0x0002a3c8          --   Gb  - Linker created -
sdh_ble_observers3$$Base
                        0x0002a3c8          --   Gb  - Linker created -
sdh_ble_observers3$$Limit
                        0x0002a3d0          --   Gb  - Linker created -
sdh_ble_observers_array
                        0x0002a1b0   0x20  Data  Lc  nrf_sdh_ble.o [1]
sdh_req_observers       0x00024028    0xc  Data  Lc  nrf_sdh.o [1]
sdh_req_observers0$$Base
                        0x0002a3d0          --   Gb  - Linker created -
sdh_req_observers0$$Limit
                        0x0002a3d8          --   Gb  - Linker created -
sdh_req_observers1$$Base
                        0x00000000          --   Gb  - Linker created -
sdh_req_observers1$$Limit
                        0x00000000          --   Gb  - Linker created -
sdh_req_observers_array
                        0x0002a13c   0x10  Data  Lc  nrf_sdh.o [1]
sdh_request_observer_notify
                        0x00023e65   0x32  Code  Lc  nrf_sdh.o [1]
sdh_soc_observers       0x0002a0e8    0xc  Data  Lc  nrf_sdh_soc.o [1]
sdh_soc_observers0$$Base
                        0x0002a2fc          --   Gb  - Linker created -
sdh_soc_observers0$$Limit
                        0x0002a314          --   Gb  - Linker created -
sdh_soc_observers1$$Base
                        0x0002a3d8          --   Gb  - Linker created -
sdh_soc_observers1$$Limit
                        0x0002a3e0          --   Gb  - Linker created -
sdh_soc_observers_array
                        0x0002a2b4   0x10  Data  Lc  nrf_sdh_soc.o [1]
sdh_stack_observers     0x00024040    0xc  Data  Lc  nrf_sdh.o [1]
sdh_stack_observers0$$Base
                        0x0002a33c          --   Gb  - Linker created -
sdh_stack_observers0$$Limit
                        0x0002a34c          --   Gb  - Linker created -
sdh_stack_observers1$$Base
                        0x00000000          --   Gb  - Linker created -
sdh_stack_observers1$$Limit
                        0x00000000          --   Gb  - Linker created -
sdh_stack_observers_array
                        0x0002a15c   0x10  Data  Lc  nrf_sdh.o [1]
sdh_state_observer_notify
                        0x00023e97   0x28  Code  Lc  nrf_sdh.o [1]
sdh_state_observers     0x00024034    0xc  Data  Lc  nrf_sdh.o [1]
sdh_state_observers0$$Base
                        0x0002a314          --   Gb  - Linker created -
sdh_state_observers0$$Limit
                        0x0002a32c          --   Gb  - Linker created -
sdh_state_observers1$$Base
                        0x00000000          --   Gb  - Linker created -
sdh_state_observers1$$Limit
                        0x00000000          --   Gb  - Linker created -
sdh_state_observers_array
                        0x0002a14c   0x10  Data  Lc  nrf_sdh.o [1]
sdk_mapped_flags_bulk_update_by_key
                        0x00029f43   0x44  Code  Gb  sdk_mapped_flags.o [1]
sdk_mapped_flags_first_key_index_get
                        0x00029f19   0x1c  Code  Gb  sdk_mapped_flags.o [1]
sdk_mapped_flags_key_list_get
                        0x00029f87   0x38  Code  Gb  sdk_mapped_flags.o [1]
sdk_mapped_flags_update_by_key
                        0x00029f35    0xe  Code  Gb  sdk_mapped_flags.o [1]
send_error_evt          0x0002799d    0xc  Code  Lc  ble_conn_params.o [1]
serial_tx               0x000286f1   0x26  Code  Lc  nrf_log_backend_rtt.o [1]
service_data_encode     0x000258d9   0x82  Code  Lc  ble_advdata.o [1]
severity_names          0x20002ba4   0x14  Data  Lc  nrf_log_str_formatter.o [1]
sleep_mode_enter        0x0002602d   0x1c  Code  Lc  main.o [1]
soc_evt_handler         0x00023c7b    0xa  Code  Lc  nrf_drv_clock.o [1]
softdevice_evt_irq_disable
                        0x00023efb   0x28  Code  Lc  nrf_sdh.o [1]
softdevices_evt_irq_enable
                        0x00023ebf   0x3c  Code  Lc  nrf_sdh.o [1]
std_header_set          0x0002429d   0x3e  Code  Lc  nrf_log_frontend.o [1]
std_n                   0x00024335   0x5c  Code  Lc  nrf_log_frontend.o [1]
strlen                  0x00029669         Code  Gb  strlen.o [5]
timeout_handler_scheduled_exec
                        0x0002502f   0x18  Code  Lc  app_timer.o [1]
timer_handler           0x00027e2b    0x2  Code  Lc  drv_mmed_adc.o [1]
timer_list_handler      0x0002523d   0xa0  Code  Lc  app_timer.o [1]
timer_stop_op_schedule  0x0002530f   0x42  Code  Lc  app_timer.o [1]
twi_clear_bus           0x00024967   0x86  Code  Lc  nrf_drv_twi.o [1]
twi_process_error       0x00024949   0x1e  Code  Lc  nrf_drv_twi.o [1]
twi_receive_byte        0x00024ad1   0x2e  Code  Lc  nrf_drv_twi.o [1]
twi_rx_start_transfer   0x00024c93   0xb4  Code  Lc  nrf_drv_twi.o [1]
twi_send_byte           0x00024aa7   0x2a  Code  Lc  nrf_drv_twi.o [1]
twi_transfer            0x00024aff   0xbc  Code  Lc  nrf_drv_twi.o [1]
twi_tx_start_transfer   0x00024bcb   0xc4  Code  Lc  nrf_drv_twi.o [1]
twi_xfer                0x00024d4b   0x8e  Code  Lc  nrf_drv_twi.o [1]
tx_buffer               0x20002a80    0x1  Data  Lc  app_uart_fifo.o [1]
tx_byte                 0x00023429   0x20  Code  Lc  nrf_drv_uart.o [1]
tx_char_add             0x00027355   0x92  Code  Lc  ble_nus.o [1]
tx_done_event           0x000237ed   0x1e  Code  Lc  nrf_drv_uart.o [1]
uart_event_handle       0x0002644f   0x26  Code  Gb  m_mmed_local.o [1]
uart_event_handler      0x00027f75   0x7a  Code  Lc  app_uart_fifo.o [1]
uart_irq_handler        0x00023821  0x116  Code  Lc  nrf_drv_uart.o [1]
uarte_irq_handler       0x0002393d   0xda  Code  Lc  nrf_drv_uart.o [1]
uint16_decode           0x0002859d    0xa  Code  Lc  ble_srv_common.o [1]
uint16_encode           0x0002561d    0xa  Code  Lc  ble_advdata.o [1]
unsigned_print          0x0002930d   0x9a  Code  Lc  nrf_fprintf_format.o [1]
unsigned_print::_aV2C   0x00029604   0x10  Data  Lc  nrf_fprintf_format.o [1]
update_timeout_handler  0x000279a9   0x62  Code  Lc  ble_conn_params.o [1]
user_op_alloc           0x000252e3   0x2c  Code  Lc  app_timer.o [1]
user_op_enque           0x000252dd    0x6  Code  Lc  app_timer.o [1]
uuid_list_encode        0x000257c7   0x2e  Code  Lc  ble_advdata.o [1]
uuid_list_sized_encode  0x00025721   0xa6  Code  Lc  ble_advdata.o [1]


[1] = D:\software\2018\NRF52832\nRF5_SDK_14.2.0_17b948a\med_tag\test\ble_app\pca10040\s132\iar\_build
[2] = command line
[3] = dl7M_tlf.a
[4] = m7M_tls.a
[5] = rt7M_tl.a

  28 212 bytes of readonly  code memory
   1 581 bytes of readonly  data memory
   7 714 bytes of readwrite data memory

Errors: none
Warnings: none
